Archive member included because of file (symbol)

/Users/gyeongmin/SimplicityStudio/v4_workspace/soc-empty/platform/radio/rail_lib/autogen/librail_release/librail_efr32xg1_gcc_release.a(rail_pti.o)
                              ./pti.o (RAIL_ConfigPti)
/Users/gyeongmin/SimplicityStudio/v4_workspace/soc-empty/platform/radio/rail_lib/autogen/librail_release/librail_efr32xg1_gcc_release.a(rail_rf_hal.o)
                              /Users/gyeongmin/SimplicityStudio/v4_workspace/soc-empty/platform/radio/rail_lib/autogen/librail_release/librail_efr32xg1_gcc_release.a(rail_pti.o) (RFHAL_ConfigPti)
/Users/gyeongmin/SimplicityStudio/v4_workspace/soc-empty/platform/radio/rail_lib/autogen/librail_release/librail_efr32xg1_gcc_release.a(rail_ieee802154_rf_hal.o)
                              /Users/gyeongmin/SimplicityStudio/v4_workspace/soc-empty/platform/radio/rail_lib/autogen/librail_release/librail_efr32xg1_gcc_release.a(rail_rf_hal.o) (RFHAL_IEEE802154IsEnabled)
/Users/gyeongmin/SimplicityStudio/v4_workspace/soc-empty/platform/radio/rail_lib/autogen/librail_release/librail_efr32xg1_gcc_release.a(ieee802154_efr32xg1_configurator_out.o)
                              /Users/gyeongmin/SimplicityStudio/v4_workspace/soc-empty/platform/radio/rail_lib/autogen/librail_release/librail_efr32xg1_gcc_release.a(rail_ieee802154_rf_hal.o) (ieee802154_noncoherent_2420MHz_min)
/Users/gyeongmin/SimplicityStudio/v4_workspace/soc-empty/platform/radio/rail_lib/autogen/librail_release/librail_efr32xg1_gcc_release.a(ieee802154_gb868_efr32xg1_configurator_out.o)
                              /Users/gyeongmin/SimplicityStudio/v4_workspace/soc-empty/platform/radio/rail_lib/autogen/librail_release/librail_efr32xg1_gcc_release.a(rail_ieee802154_rf_hal.o) (ieee802154_gb868_config_915_min)
/Users/gyeongmin/SimplicityStudio/v4_workspace/soc-empty/platform/radio/rail_lib/autogen/librail_release/librail_efr32xg1_gcc_release.a(rail_singleprotocol.o)
                              /Users/gyeongmin/SimplicityStudio/v4_workspace/soc-empty/platform/radio/rail_lib/autogen/librail_release/librail_efr32xg1_gcc_release.a(rail_rf_hal.o) (RAIL_ActiveHandle)
/Users/gyeongmin/SimplicityStudio/v4_workspace/soc-empty/platform/radio/rail_lib/autogen/librail_release/librail_efr32xg1_gcc_release.a(rail_rf.o)
                              /Users/gyeongmin/SimplicityStudio/v4_workspace/soc-empty/platform/radio/rail_lib/autogen/librail_release/librail_efr32xg1_gcc_release.a(rail_singleprotocol.o) (RAILCore_Init)
/Users/gyeongmin/SimplicityStudio/v4_workspace/soc-empty/platform/radio/rail_lib/autogen/librail_release/librail_efr32xg1_gcc_release.a(rail_rx.o)
                              /Users/gyeongmin/SimplicityStudio/v4_workspace/soc-empty/platform/radio/rail_lib/autogen/librail_release/librail_efr32xg1_gcc_release.a(rail_rf_hal.o) (RAILCore_StartRx)
/Users/gyeongmin/SimplicityStudio/v4_workspace/soc-empty/platform/radio/rail_lib/autogen/librail_release/librail_efr32xg1_gcc_release.a(rail_tx.o)
                              /Users/gyeongmin/SimplicityStudio/v4_workspace/soc-empty/platform/radio/rail_lib/autogen/librail_release/librail_efr32xg1_gcc_release.a(rail_singleprotocol.o) (RAILCore_StartTxStream)
/Users/gyeongmin/SimplicityStudio/v4_workspace/soc-empty/platform/radio/rail_lib/autogen/librail_release/librail_efr32xg1_gcc_release.a(rail_calibration.o)
                              /Users/gyeongmin/SimplicityStudio/v4_workspace/soc-empty/platform/radio/rail_lib/autogen/librail_release/librail_efr32xg1_gcc_release.a(rail_rf_hal.o) (RAILInt_PendCal)
/Users/gyeongmin/SimplicityStudio/v4_workspace/soc-empty/platform/radio/rail_lib/autogen/librail_release/librail_efr32xg1_gcc_release.a(rail_data.o)
                              /Users/gyeongmin/SimplicityStudio/v4_workspace/soc-empty/platform/radio/rail_lib/autogen/librail_release/librail_efr32xg1_gcc_release.a(rail_rf_hal.o) (RAILCb_SetupRxFifo)
/Users/gyeongmin/SimplicityStudio/v4_workspace/soc-empty/platform/radio/rail_lib/autogen/librail_release/librail_efr32xg1_gcc_release.a(rail_assert.o)
                              /Users/gyeongmin/SimplicityStudio/v4_workspace/soc-empty/platform/radio/rail_lib/autogen/librail_release/librail_efr32xg1_gcc_release.a(rail_rf.o) (RAILInt_Assert)
/Users/gyeongmin/SimplicityStudio/v4_workspace/soc-empty/platform/radio/rail_lib/autogen/librail_release/librail_efr32xg1_gcc_release.a(rail_rssi.o)
                              /Users/gyeongmin/SimplicityStudio/v4_workspace/soc-empty/platform/radio/rail_lib/autogen/librail_release/librail_efr32xg1_gcc_release.a(rail_singleprotocol.o) (RAILCore_GetRssi)
/Users/gyeongmin/SimplicityStudio/v4_workspace/soc-empty/platform/radio/rail_lib/autogen/librail_release/librail_efr32xg1_gcc_release.a(rail_timer.o)
                              /Users/gyeongmin/SimplicityStudio/v4_workspace/soc-empty/platform/radio/rail_lib/autogen/librail_release/librail_efr32xg1_gcc_release.a(rail_singleprotocol.o) (RAILCore_SetMultiTimer)
[...]
Memory Configuration

Name             Origin             Length             Attributes
FLASH_BOOTLOADER 0x0000000000000000 0x0000000000004000 xr
FLASH            0x0000000000004000 0x000000000003b000 xr
RAM              0x0000000020000000 0x0000000000007c00 xrw
*default*        0x0000000000000000 0xffffffffffffffff

Linker script and memory map

LOAD /usr/local/mylib/gcc-arm-none-eabi-4_9-2015q3/bin/../lib/gcc/arm-none-eabi/4.9.3/armv7e-m/softfp/crti.o
LOAD /usr/local/mylib/gcc-arm-none-eabi-4_9-2015q3/bin/../lib/gcc/arm-none-eabi/4.9.3/armv7e-m/softfp/crtbegin.o
LOAD /usr/local/mylib/gcc-arm-none-eabi-4_9-2015q3/bin/../lib/gcc/arm-none-eabi/4.9.3/../../../../arm-none-eabi/lib/armv7e-m/softfp/crt0.o
START GROUP
LOAD ./application_properties.o
LOAD ./gatt_db.o
LOAD ./init_app.o
LOAD ./init_board.o
LOAD ./init_mcu.o
LOAD ./main.o
LOAD ./pti.o
LOAD ./hardware/kit/common/bsp/bsp_stk.o
LOAD ./hardware/kit/common/drivers/mx25flash_spi.o
LOAD ./hardware/kit/common/drivers/retargetio.o
LOAD ./hardware/kit/common/drivers/retargetserial.o
LOAD ./platform/Device/SiliconLabs/EFR32BG1B/Source/GCC/startup_efr32bg1b.o
LOAD ./platform/Device/SiliconLabs/EFR32BG1B/Source/system_efr32bg1b.o
LOAD ./platform/emdrv/sleep/src/sleep.o
LOAD ./platform/emdrv/tempdrv/src/tempdrv.o
LOAD ./platform/emlib/src/em_cmu.o
LOAD ./platform/emlib/src/em_core.o
LOAD ./platform/emlib/src/em_cryotimer.o
LOAD ./platform/emlib/src/em_crypto.o
LOAD ./platform/emlib/src/em_emu.o
LOAD ./platform/emlib/src/em_gpio.o
LOAD ./platform/emlib/src/em_i2c.o
LOAD ./platform/emlib/src/em_msc.o
LOAD ./platform/emlib/src/em_rmu.o
LOAD ./platform/emlib/src/em_rtcc.o
LOAD ./platform/emlib/src/em_system.o
LOAD ./platform/emlib/src/em_timer.o
LOAD ./platform/emlib/src/em_usart.o
LOAD /Users/gyeongmin/SimplicityStudio/v4_workspace/soc-empty/platform/radio/rail_lib/autogen/librail_release/librail_efr32xg1_gcc_release.a
LOAD /Users/gyeongmin/SimplicityStudio/v4_workspace/soc-empty/protocol/bluetooth/lib/EFR32BG1B/GCC/libbluetooth.a
LOAD /Users/gyeongmin/SimplicityStudio/v4_workspace/soc-empty/protocol/bluetooth/lib/EFR32BG1B/GCC/libpsstore.a
LOAD /Users/gyeongmin/SimplicityStudio/v4_workspace/soc-empty/protocol/bluetooth/lib/EFR32BG1B/GCC/binapploader.o
LOAD /Users/gyeongmin/SimplicityStudio/v4_workspace/soc-empty/protocol/bluetooth/lib/EFR32BG1B/GCC/libmbedtls.a
LOAD /usr/local/mylib/gcc-arm-none-eabi-4_9-2015q3/bin/../lib/gcc/arm-none-eabi/4.9.3/../../../../arm-none-eabi/lib/armv7e-m/softfp/libm.a
END GROUP
START GROUP
LOAD /usr/local/mylib/gcc-arm-none-eabi-4_9-2015q3/bin/../lib/gcc/arm-none-eabi/4.9.3/armv7e-m/softfp/libgcc.a
LOAD /usr/local/mylib/gcc-arm-none-eabi-4_9-2015q3/bin/../lib/gcc/arm-none-eabi/4.9.3/../../../../arm-none-eabi/lib/armv7e-m/softfp/libc_nano.a
LOAD /usr/local/mylib/gcc-arm-none-eabi-4_9-2015q3/bin/../lib/gcc/arm-none-eabi/4.9.3/../../../../arm-none-eabi/lib/armv7e-m/softfp/libnosys.a
END GROUP
START GROUP
LOAD /usr/local/mylib/gcc-arm-none-eabi-4_9-2015q3/bin/../lib/gcc/arm-none-eabi/4.9.3/armv7e-m/softfp/libgcc.a
LOAD /usr/local/mylib/gcc-arm-none-eabi-4_9-2015q3/bin/../lib/gcc/arm-none-eabi/4.9.3/../../../../arm-none-eabi/lib/armv7e-m/softfp/libg_nano.a
LOAD /usr/local/mylib/gcc-arm-none-eabi-4_9-2015q3/bin/../lib/gcc/arm-none-eabi/4.9.3/../../../../arm-none-eabi/lib/armv7e-m/softfp/libc_nano.a
END GROUP
START GROUP
LOAD /usr/local/mylib/gcc-arm-none-eabi-4_9-2015q3/bin/../lib/gcc/arm-none-eabi/4.9.3/armv7e-m/softfp/libgcc.a
LOAD /usr/local/mylib/gcc-arm-none-eabi-4_9-2015q3/bin/../lib/gcc/arm-none-eabi/4.9.3/../../../../arm-none-eabi/lib/armv7e-m/softfp/libc_nano.a
END GROUP
LOAD /usr/local/mylib/gcc-arm-none-eabi-4_9-2015q3/bin/../lib/gcc/arm-none-eabi/4.9.3/armv7e-m/softfp/crtend.o
LOAD /usr/local/mylib/gcc-arm-none-eabi-4_9-2015q3/bin/../lib/gcc/arm-none-eabi/4.9.3/armv7e-m/softfp/crtn.o

.text_bootloader
                0x0000000000000000        0x0
 *(.binbootloader*)
                0x0000000000000000                . = ALIGN (0x4000)

.text_apploader
                0x0000000000004000     0x87c0
 *(.binapploader*)
 .binapploader  0x0000000000004000     0x87c0 /Users/gyeongmin/SimplicityStudio/v4_workspace/soc-empty/protocol/bluetooth/lib/EFR32BG1B/GCC/binapploader.o

.text_signature
                0x000000000000c7c0       0x40
                0x000000000000c800                . = ALIGN (0x800)
 *fill*         0x000000000000c7c0       0x40 
                0x000000000000c800                __text_start__ = .

.text_application
                0x000000000000c800    0x200f4
 *(.vectors)
 .vectors       0x000000000000c800       0xc8 ./platform/Device/SiliconLabs/EFR32BG1B/Source/GCC/startup_efr32bg1b.o
                0x000000000000c800                __Vectors
                0x000000000000c8c8                __Vectors_End = .
                0x00000000000000c8                __Vectors_Size = (__Vectors_End - __Vectors)
                0x000000000000c8c8                __end__ = .
 *(.application_properties)
 .application_properties
                0x000000000000c8c8       0x38 ./application_properties.o
                0x000000000000c8c8                applicationProperties
 *(.gecko_configuration)
 *(.xo_configuration)
 *(.gatt_header)
 .gatt_header   0x000000000000c900       0x34 ./gatt_db.o
                0x000000000000c900                bg_gattdb_data
 *(.gatt_data)
 .gatt_data     0x000000000000c934      0x1d6 ./gatt_db.o
                0x000000000000c934                bg_gattdb_data_adv_uuid128_map
                0x000000000000c938                bg_gattdb_data_adv_uuid16_map
                0x000000000000c93c                bg_gattdb_data_attributes_dynamic_mapping_map
                0x000000000000c944                bg_gattdb_data_attributes_map
                0x000000000000ca28                bg_gattdb_data_attribute_field_0
                0x000000000000ca2c                bg_gattdb_data_attribute_field_1
                0x000000000000ca34                bg_gattdb_data_attribute_field_2
                0x000000000000ca3c                bg_gattdb_data_attribute_field_4
                0x000000000000ca40                bg_gattdb_data_attribute_field_5
                0x000000000000ca48                bg_gattdb_data_attribute_field_6
                0x000000000000ca50                bg_gattdb_data_attribute_field_7
                0x000000000000ca58                bg_gattdb_data_attribute_field_8
                0x000000000000ca5c                bg_gattdb_data_attribute_field_9
                0x000000000000ca60                bg_gattdb_data_attribute_field_10
                0x000000000000ca68                bg_gattdb_data_attribute_field_11
                0x000000000000ca78                bg_gattdb_data_attribute_field_12
                0x000000000000ca80                bg_gattdb_data_attribute_field_13
                0x000000000000ca8c                bg_gattdb_data_attribute_field_14
                0x000000000000ca94                bg_gattdb_data_attribute_field_15
                0x000000000000ca9c                bg_gattdb_data_attribute_field_16
                0x000000000000cab0                bg_gattdb_data_attribute_field_17
                0x000000000000cac8                bg_gattdb_data_attribute_field_18
                0x000000000000cad0                bg_gattdb_data_uuidtable_128_map
                0x000000000000caf0                bg_gattdb_data_uuidtable_16_map
 *(.text*)
 *fill*         0x000000000000cb0a        0x2 
 .text          0x000000000000cb0c       0x5c /usr/local/mylib/gcc-arm-none-eabi-4_9-2015q3/bin/../lib/gcc/arm-none-eabi/4.9.3/armv7e-m/softfp/crtbegin.o
 .text          0x000000000000cb68       0x74 /usr/local/mylib/gcc-arm-none-eabi-4_9-2015q3/bin/../lib/gcc/arm-none-eabi/4.9.3/../../../../arm-none-eabi/lib/armv7e-m/softfp/crt0.o
                0x000000000000cb68                _mainCRTStartup
                0x000000000000cb68                _start
 .text.initApp  0x000000000000cbdc       0x24 ./init_app.o
                0x000000000000cbdc                initApp
 .text.initBoard
                0x000000000000cc00       0x48 ./init_board.o
                0x000000000000cc00                initBoard
 .text.initMcu  0x000000000000cc48      0x164 ./init_mcu.o
                0x000000000000cc48                initMcu
 .text.startup.main
                0x000000000000cdac      0x2ec ./main.o
                0x000000000000cdac                main
 .text.configEnablePti
                0x000000000000d098       0x30 ./pti.o
                0x000000000000d098                configEnablePti
 .text.MX25_init
                0x000000000000d0c8       0xa4 ./hardware/kit/common/drivers/mx25flash_spi.o
                0x000000000000d0c8                MX25_init
 .text.MX25_DP  0x000000000000d16c       0x5c ./hardware/kit/common/drivers/mx25flash_spi.o
                0x000000000000d16c                MX25_DP
 .text._close   0x000000000000d1c8        0x4 ./hardware/kit/common/drivers/retargetio.o
                0x000000000000d1c8                _close
 .text._exit    0x000000000000d1cc        0x4 ./hardware/kit/common/drivers/retargetio.o
                0x000000000000d1cc                _exit
 .text._fstat   0x000000000000d1d0        0xc ./hardware/kit/common/drivers/retargetio.o
                0x000000000000d1d0                _fstat
 .text._isatty  0x000000000000d1dc        0x4 ./hardware/kit/common/drivers/retargetio.o
                0x000000000000d1dc                _isatty
 .text._lseek   0x000000000000d1e0        0x4 ./hardware/kit/common/drivers/retargetio.o
                0x000000000000d1e0                _lseek
 .text._read    0x000000000000d1e4       0x30 ./hardware/kit/common/drivers/retargetio.o
                0x000000000000d1e4                _read
 .text._sbrk    0x000000000000d214       0x1c ./hardware/kit/common/drivers/retargetio.o
                0x000000000000d214                _sbrk
 .text._write   0x000000000000d230       0x1c ./hardware/kit/common/drivers/retargetio.o
                0x000000000000d230                _write
 .text.USART0_RX_IRQHandler
                0x000000000000d24c       0x54 ./hardware/kit/common/drivers/retargetserial.o
                0x000000000000d24c                USART0_RX_IRQHandler
 .text.RETARGET_SerialInit
                0x000000000000d2a0       0xbc ./hardware/kit/common/drivers/retargetserial.o
                0x000000000000d2a0                RETARGET_SerialInit
 .text.RETARGET_ReadChar
                0x000000000000d35c       0x68 ./hardware/kit/common/drivers/retargetserial.o
                0x000000000000d35c                RETARGET_ReadChar
 .text.RETARGET_WriteChar
                0x000000000000d3c4       0x58 ./hardware/kit/common/drivers/retargetserial.o
                0x000000000000d3c4                RETARGET_WriteChar
 .text.Default_Handler
                0x000000000000d41c        0x4 ./platform/Device/SiliconLabs/EFR32BG1B/Source/GCC/startup_efr32bg1b.o
                0x000000000000d41c                IDAC0_IRQHandler
                0x000000000000d41c                USART0_TX_IRQHandler
                0x000000000000d41c                I2C0_IRQHandler
                0x000000000000d41c                HardFault_Handler
                0x000000000000d41c                SysTick_Handler
                0x000000000000d41c                USART1_RX_IRQHandler
                0x000000000000d41c                PendSV_Handler
                0x000000000000d41c                NMI_Handler
                0x000000000000d41c                WDOG0_IRQHandler
                0x000000000000d41c                USART1_TX_IRQHandler
                0x000000000000d41c                MSC_IRQHandler
                0x000000000000d41c                ADC0_IRQHandler
                0x000000000000d41c                UsageFault_Handler
                0x000000000000d41c                LEUART0_IRQHandler
                0x000000000000d41c                FPUEH_IRQHandler
                0x000000000000d41c                GPIO_EVEN_IRQHandler
                0x000000000000d41c                LDMA_IRQHandler
                0x000000000000d41c                TIMER0_IRQHandler
                0x000000000000d41c                LETIMER0_IRQHandler
                0x000000000000d41c                TIMER1_IRQHandler
                0x000000000000d41c                Default_Handler
                0x000000000000d41c                CRYOTIMER_IRQHandler
                0x000000000000d41c                PCNT0_IRQHandler
                0x000000000000d41c                ACMP0_IRQHandler
                0x000000000000d41c                MemManage_Handler
                0x000000000000d41c                SVC_Handler
                0x000000000000d41c                RTCC_IRQHandler
                0x000000000000d41c                CRYPTO_IRQHandler
                0x000000000000d41c                CMU_IRQHandler
                0x000000000000d41c                GPIO_ODD_IRQHandler
                0x000000000000d41c                BusFault_Handler
                0x000000000000d41c                DebugMon_Handler
 .text.Reset_Handler
                0x000000000000d420       0x2c ./platform/Device/SiliconLabs/EFR32BG1B/Source/GCC/startup_efr32bg1b.o
                0x000000000000d420                Reset_Handler
 .text.SystemMaxCoreClockGet
                0x000000000000d44c        0x8 ./platform/Device/SiliconLabs/EFR32BG1B/Source/system_efr32bg1b.o
                0x000000000000d44c                SystemMaxCoreClockGet
 .text.SystemHFClockGet
                0x000000000000d454       0x50 ./platform/Device/SiliconLabs/EFR32BG1B/Source/system_efr32bg1b.o
                0x000000000000d454                SystemHFClockGet
 .text.SystemCoreClockGet
                0x000000000000d4a4       0x24 ./platform/Device/SiliconLabs/EFR32BG1B/Source/system_efr32bg1b.o
                0x000000000000d4a4                SystemCoreClockGet
 .text.SystemHFXOClockGet
                0x000000000000d4c8        0xc ./platform/Device/SiliconLabs/EFR32BG1B/Source/system_efr32bg1b.o
                0x000000000000d4c8                SystemHFXOClockGet
 .text.SystemHFXOClockSet
                0x000000000000d4d4       0x20 ./platform/Device/SiliconLabs/EFR32BG1B/Source/system_efr32bg1b.o
                0x000000000000d4d4                SystemHFXOClockSet
 .text.SystemInit
                0x000000000000d4f4       0x4c ./platform/Device/SiliconLabs/EFR32BG1B/Source/system_efr32bg1b.o
                0x000000000000d4f4                SystemInit
 .text.SystemLFRCOClockGet
                0x000000000000d540        0x8 ./platform/Device/SiliconLabs/EFR32BG1B/Source/system_efr32bg1b.o
                0x000000000000d540                SystemLFRCOClockGet
 .text.SystemULFRCOClockGet
                0x000000000000d548        0x8 ./platform/Device/SiliconLabs/EFR32BG1B/Source/system_efr32bg1b.o
                0x000000000000d548                SystemULFRCOClockGet
 .text.SystemLFXOClockGet
                0x000000000000d550        0xc ./platform/Device/SiliconLabs/EFR32BG1B/Source/system_efr32bg1b.o
                0x000000000000d550                SystemLFXOClockGet
 .text.SystemLFXOClockSet
                0x000000000000d55c       0x20 ./platform/Device/SiliconLabs/EFR32BG1B/Source/system_efr32bg1b.o
                0x000000000000d55c                SystemLFXOClockSet
 .text.sleepCallbackWrapper
                0x000000000000d57c       0x14 ./platform/emdrv/sleep/src/sleep.o
 .text.enterEMx
                0x000000000000d590       0x70 ./platform/emdrv/sleep/src/sleep.o
 .text.SLEEP_Init
                0x000000000000d600       0x44 ./platform/emdrv/sleep/src/sleep.o
                0x000000000000d600                SLEEP_Init
 .text.SLEEP_Sleep
                0x000000000000d644       0x70 ./platform/emdrv/sleep/src/sleep.o
                0x000000000000d644                SLEEP_Sleep
 .text.SLEEP_SleepBlockBegin
                0x000000000000d6b4       0x28 ./platform/emdrv/sleep/src/sleep.o
                0x000000000000d6b4                SLEEP_SleepBlockBegin
 .text.SLEEP_SleepBlockEnd
                0x000000000000d6dc       0x2c ./platform/emdrv/sleep/src/sleep.o
                0x000000000000d6dc                SLEEP_SleepBlockEnd
 .text.SLEEP_LowestEnergyModeGet
                0x000000000000d708       0x1c ./platform/emdrv/sleep/src/sleep.o
                0x000000000000d708                SLEEP_LowestEnergyModeGet
 .text.updateInterrupts
                0x000000000000d724       0xe0 ./platform/emdrv/tempdrv/src/tempdrv.o
 .text.errataStateUpdate
                0x000000000000d804       0xbc ./platform/emdrv/tempdrv/src/tempdrv.o
 .text.errataCallback
                0x000000000000d8c0        0x4 ./platform/emdrv/tempdrv/src/tempdrv.o
 .text.TEMPDRV_IRQHandler
                0x000000000000d8c4       0xd4 ./platform/emdrv/tempdrv/src/tempdrv.o
                0x000000000000d8c4                TEMPDRV_IRQHandler
 .text.EMU_IRQHandler
                0x000000000000d998        0x4 ./platform/emdrv/tempdrv/src/tempdrv.o
                0x000000000000d998                EMU_IRQHandler
 .text.TEMPDRV_Init
                0x000000000000d99c      0x14c ./platform/emdrv/tempdrv/src/tempdrv.o
                0x000000000000d99c                TEMPDRV_Init
 .text.flashWaitStateMax
                0x000000000000dae8       0x48 ./platform/emlib/src/em_cmu.o
 .text.CMU_OscillatorTuningSet.part.3
                0x000000000000db30       0x3c ./platform/emlib/src/em_cmu.o
 .text.CMU_UpdateWaitStates
                0x000000000000db6c       0x48 ./platform/emlib/src/em_cmu.o
                0x000000000000db6c                CMU_UpdateWaitStates
 .text.CMU_ClockEnable
                0x000000000000dbb4       0x8c ./platform/emlib/src/em_cmu.o
                0x000000000000dbb4                CMU_ClockEnable
 .text.CMU_ClockSelectGet
                0x000000000000dc40       0xc4 ./platform/emlib/src/em_cmu.o
                0x000000000000dc40                CMU_ClockSelectGet
 .text.lfClkGet
                0x000000000000dd04       0x94 ./platform/emlib/src/em_cmu.o
 .text.CMU_ClockFreqGet
                0x000000000000dd98      0x160 ./platform/emlib/src/em_cmu.o
                0x000000000000dd98                CMU_ClockFreqGet
 .text.CMU_HFXOAutostartEnable
                0x000000000000def8       0x78 ./platform/emlib/src/em_cmu.o
                0x000000000000def8                CMU_HFXOAutostartEnable
 .text.CMU_OscillatorTuningWait
                0x000000000000df70       0x5c ./platform/emlib/src/em_cmu.o
                0x000000000000df70                CMU_OscillatorTuningWait
 .text.CMU_OscillatorEnable
                0x000000000000dfcc      0x110 ./platform/emlib/src/em_cmu.o
                0x000000000000dfcc                CMU_OscillatorEnable
 .text.CMU_ClockSelectSet
                0x000000000000e0dc      0x1fc ./platform/emlib/src/em_cmu.o
                0x000000000000e0dc                CMU_ClockSelectSet
 .text.CMU_HFXOInit
                0x000000000000e2d8       0x88 ./platform/emlib/src/em_cmu.o
                0x000000000000e2d8                CMU_HFXOInit
 .text.CMU_LFXOInit
                0x000000000000e360       0x40 ./platform/emlib/src/em_cmu.o
                0x000000000000e360                CMU_LFXOInit
 .text.CORE_EnterCritical
                0x000000000000e3a0        0x8 ./platform/emlib/src/em_core.o
                0x000000000000e3a0                CORE_EnterCritical
 .text.CORE_ExitCritical
                0x000000000000e3a8        0x8 ./platform/emlib/src/em_core.o
                0x000000000000e3a8                CORE_ExitCritical
 .text.CORE_EnterAtomic
                0x000000000000e3b0        0x8 ./platform/emlib/src/em_core.o
                0x000000000000e3b0                CORE_EnterAtomic
 .text.CORE_ExitAtomic
                0x000000000000e3b8        0x8 ./platform/emlib/src/em_core.o
                0x000000000000e3b8                CORE_ExitAtomic
 .text.CORE_SetNvicRamTableHandler
                0x000000000000e3c0       0x10 ./platform/emlib/src/em_core.o
                0x000000000000e3c0                CORE_SetNvicRamTableHandler
 .text.CORE_InitNvicVectorTable
                0x000000000000e3d0       0x48 ./platform/emlib/src/em_core.o
                0x000000000000e3d0                CORE_InitNvicVectorTable
 .text.CRYPTO_ModulusSet
                0x000000000000e418       0x38 ./platform/emlib/src/em_crypto.o
                0x000000000000e418                CRYPTO_ModulusSet
 .text.CRYPTO_KeyRead
                0x000000000000e450       0x2c ./platform/emlib/src/em_crypto.o
                0x000000000000e450                CRYPTO_KeyRead
 .text.currentLimitersUpdate
                0x000000000000e47c       0x74 ./platform/emlib/src/em_emu.o
 .text.dcdcHsFixLnBlock.part.0
                0x000000000000e4f0       0x30 ./platform/emlib/src/em_emu.o
 .text.dcdcFetCntSet.part.1
                0x000000000000e520       0x20 ./platform/emlib/src/em_emu.o
 .text.emState.part.2
                0x000000000000e540       0x24 ./platform/emlib/src/em_emu.o
 .text.emState  0x000000000000e564       0x60 ./platform/emlib/src/em_emu.o
 .text.EMU_EnterEM2
                0x000000000000e5c4       0x5c ./platform/emlib/src/em_emu.o
                0x000000000000e5c4                EMU_EnterEM2
 .text.EMU_EnterEM3
                0x000000000000e620       0x80 ./platform/emlib/src/em_emu.o
                0x000000000000e620                EMU_EnterEM3
 .text.EMU_Save
                0x000000000000e6a0        0x4 ./platform/emlib/src/em_emu.o
                0x000000000000e6a0                EMU_Save
 .text.EMU_Restore
                0x000000000000e6a4        0x8 ./platform/emlib/src/em_emu.o
                0x000000000000e6a4                EMU_Restore
 .text.EMU_DCDCModeSet
                0x000000000000e6ac       0x64 ./platform/emlib/src/em_emu.o
                0x000000000000e6ac                EMU_DCDCModeSet
 .text.EMU_EnterEM4
                0x000000000000e710       0x98 ./platform/emlib/src/em_emu.o
                0x000000000000e710                EMU_EnterEM4
 .text.EMU_DCDCOutputVoltageSet
                0x000000000000e7a8      0x1d0 ./platform/emlib/src/em_emu.o
                0x000000000000e7a8                EMU_DCDCOutputVoltageSet
 .text.EMU_DCDCOptimizeSlice
                0x000000000000e978       0x94 ./platform/emlib/src/em_emu.o
                0x000000000000e978                EMU_DCDCOptimizeSlice
 .text.EMU_DCDCLnRcoBandSet
                0x000000000000ea0c       0x24 ./platform/emlib/src/em_emu.o
                0x000000000000ea0c                EMU_DCDCLnRcoBandSet
 .text.EMU_DCDCInit
                0x000000000000ea30      0x18c ./platform/emlib/src/em_emu.o
                0x000000000000ea30                EMU_DCDCInit
 .text.EMU_SetBiasMode
                0x000000000000ebbc       0x84 ./platform/emlib/src/em_emu.o
                0x000000000000ebbc                EMU_SetBiasMode
 .text.GPIO_PinModeSet
                0x000000000000ec40       0x84 ./platform/emlib/src/em_gpio.o
                0x000000000000ec40                GPIO_PinModeSet
 .text.MSC_Init
                0x000000000000ecc4       0x18 ./platform/emlib/src/em_msc.o
                0x000000000000ecc4                MSC_Init
 .text.MSC_Deinit
                0x000000000000ecdc       0x14 ./platform/emlib/src/em_msc.o
                0x000000000000ecdc                MSC_Deinit
 .text.RMU_ResetCauseClear
                0x000000000000ecf0        0xc ./platform/emlib/src/em_rmu.o
                0x000000000000ecf0                RMU_ResetCauseClear
 .text.RMU_ResetCauseGet
                0x000000000000ecfc       0x7c ./platform/emlib/src/em_rmu.o
                0x000000000000ecfc                RMU_ResetCauseGet
 .text.RTCC_ChannelInit
                0x000000000000ed78       0x3c ./platform/emlib/src/em_rtcc.o
                0x000000000000ed78                RTCC_ChannelInit
 .text.RTCC_Init
                0x000000000000edb4       0x6c ./platform/emlib/src/em_rtcc.o
                0x000000000000edb4                RTCC_Init
 .text.SYSTEM_ChipRevisionGet
                0x000000000000ee20       0x34 ./platform/emlib/src/em_system.o
                0x000000000000ee20                SYSTEM_ChipRevisionGet
 .text.USART_BaudrateAsyncSet
                0x000000000000ee54       0x68 ./platform/emlib/src/em_usart.o
                0x000000000000ee54                USART_BaudrateAsyncSet
 .text.USART_BaudrateSyncSet
                0x000000000000eebc       0x24 ./platform/emlib/src/em_usart.o
                0x000000000000eebc                USART_BaudrateSyncSet
 .text.USART_Enable
                0x000000000000eee0       0x10 ./platform/emlib/src/em_usart.o
                0x000000000000eee0                USART_Enable
 .text.USART_InitAsync
                0x000000000000eef0       0xb0 ./platform/emlib/src/em_usart.o
                0x000000000000eef0                USART_InitAsync
 .text.USART_InitSync
                0x000000000000efa0       0xc8 ./platform/emlib/src/em_usart.o
                0x000000000000efa0                USART_InitSync
 .text.USART_Reset
                0x000000000000f068       0x4c ./platform/emlib/src/em_usart.o
                0x000000000000f068                USART_Reset
 .text.USART_Rx
                0x000000000000f0b4        0xc ./platform/emlib/src/em_usart.o
                0x000000000000f0b4                USART_Rx
 .text.USART_SpiTransfer
                0x000000000000f0c0       0x14 ./platform/emlib/src/em_usart.o
                0x000000000000f0c0                USART_SpiTransfer
 .text.USART_Tx
                0x000000000000f0d4        0xc ./platform/emlib/src/em_usart.o
                0x000000000000f0d4                USART_Tx
 .text.RAIL_ConfigPti
                0x000000000000f0e0        0x6 /Users/gyeongmin/SimplicityStudio/v4_workspace/soc-empty/platform/radio/rail_lib/autogen/librail_release/librail_efr32xg1_gcc_release.a(rail_pti.o)
                0x000000000000f0e0                RAIL_ConfigPti
 .text.RAIL_EnablePti
                0x000000000000f0e6        0x6 /Users/gyeongmin/SimplicityStudio/v4_workspace/soc-empty/platform/radio/rail_lib/autogen/librail_release/librail_efr32xg1_gcc_release.a(rail_pti.o)
                0x000000000000f0e6                RAIL_EnablePti
 .text.eventDefault
                0x000000000000f0ec        0x2 /Users/gyeongmin/SimplicityStudio/v4_workspace/soc-empty/platform/radio/rail_lib/autogen/librail_release/librail_efr32xg1_gcc_release.a(rail_rf_hal.o)
 *fill*         0x000000000000f0ee        0x2 
 .text.setRssiPeriod
                0x000000000000f0f0       0x18 /Users/gyeongmin/SimplicityStudio/v4_workspace/soc-empty/platform/radio/rail_lib/autogen/librail_release/librail_efr32xg1_gcc_release.a(rail_rf_hal.o)
 .text.RFHAL_NotifyUserOfIrCal
                0x000000000000f108       0x78 /Users/gyeongmin/SimplicityStudio/v4_workspace/soc-empty/platform/radio/rail_lib/autogen/librail_release/librail_efr32xg1_gcc_release.a(rail_rf_hal.o)
 .text.GENERIC_PHY_EventCallback
                0x000000000000f180      0x19c /Users/gyeongmin/SimplicityStudio/v4_workspace/soc-empty/platform/radio/rail_lib/autogen/librail_release/librail_efr32xg1_gcc_release.a(rail_rf_hal.o)
                0x000000000000f180                GENERIC_PHY_EventCallback
 .text.RFHAL_IntEnable
                0x000000000000f31c       0x58 /Users/gyeongmin/SimplicityStudio/v4_workspace/soc-empty/platform/radio/rail_lib/autogen/librail_release/librail_efr32xg1_gcc_release.a(rail_rf_hal.o)
                0x000000000000f31c                RFHAL_IntEnable
 .text.RFHAL_SetEventCallback
                0x000000000000f374       0x18 /Users/gyeongmin/SimplicityStudio/v4_workspace/soc-empty/platform/radio/rail_lib/autogen/librail_release/librail_efr32xg1_gcc_release.a(rail_rf_hal.o)
                0x000000000000f374                RFHAL_SetEventCallback
 .text.RFHAL_SetPtiProtocol
                0x000000000000f38c       0x20 /Users/gyeongmin/SimplicityStudio/v4_workspace/soc-empty/platform/radio/rail_lib/autogen/librail_release/librail_efr32xg1_gcc_release.a(rail_rf_hal.o)
                0x000000000000f38c                RFHAL_SetPtiProtocol
 .text.RFHAL_Idle
                0x000000000000f3ac       0x40 /Users/gyeongmin/SimplicityStudio/v4_workspace/soc-empty/platform/radio/rail_lib/autogen/librail_release/librail_efr32xg1_gcc_release.a(rail_rf_hal.o)
                0x000000000000f3ac                RFHAL_Idle
 .text.RFHAL_GetRadioState
                0x000000000000f3ec       0x48 /Users/gyeongmin/SimplicityStudio/v4_workspace/soc-empty/platform/radio/rail_lib/autogen/librail_release/librail_efr32xg1_gcc_release.a(rail_rf_hal.o)
                0x000000000000f3ec                RFHAL_GetRadioState
 .text.RFHAL_OkToTransmit
                0x000000000000f434       0x18 /Users/gyeongmin/SimplicityStudio/v4_workspace/soc-empty/platform/radio/rail_lib/autogen/librail_release/librail_efr32xg1_gcc_release.a(rail_rf_hal.o)
                0x000000000000f434                RFHAL_OkToTransmit
 .text.RFHAL_ScheduleRx
                0x000000000000f44c       0x5a /Users/gyeongmin/SimplicityStudio/v4_workspace/soc-empty/platform/radio/rail_lib/autogen/librail_release/librail_efr32xg1_gcc_release.a(rail_rf_hal.o)
                0x000000000000f44c                RFHAL_ScheduleRx
 *fill*         0x000000000000f4a6        0x2 
 .text.RFHAL_EnableRxRawCapture
                0x000000000000f4a8       0x58 /Users/gyeongmin/SimplicityStudio/v4_workspace/soc-empty/platform/radio/rail_lib/autogen/librail_release/librail_efr32xg1_gcc_release.a(rail_rf_hal.o)
                0x000000000000f4a8                RFHAL_EnableRxRawCapture
 .text.RFHAL_DisableRxRawCapture
                0x000000000000f500       0x50 /Users/gyeongmin/SimplicityStudio/v4_workspace/soc-empty/platform/radio/rail_lib/autogen/librail_release/librail_efr32xg1_gcc_release.a(rail_rf_hal.o)
                0x000000000000f500                RFHAL_DisableRxRawCapture
 .text.RFHAL_AcceptCrcErrors
                0x000000000000f550       0x18 /Users/gyeongmin/SimplicityStudio/v4_workspace/soc-empty/platform/radio/rail_lib/autogen/librail_release/librail_efr32xg1_gcc_release.a(rail_rf_hal.o)
                0x000000000000f550                RFHAL_AcceptCrcErrors
 .text.RFHAL_ConfigRxOptions
                0x000000000000f568       0xe0 /Users/gyeongmin/SimplicityStudio/v4_workspace/soc-empty/platform/radio/rail_lib/autogen/librail_release/librail_efr32xg1_gcc_release.a(rail_rf_hal.o)
                0x000000000000f568                RFHAL_ConfigRxOptions
 .text.RFHAL_GetTimer
                0x000000000000f648        0x6 /Users/gyeongmin/SimplicityStudio/v4_workspace/soc-empty/platform/radio/rail_lib/autogen/librail_release/librail_efr32xg1_gcc_release.a(rail_rf_hal.o)
                0x000000000000f648                RFHAL_GetTimer
 *fill*         0x000000000000f64e        0x2 
 .text.RFHAL_CancelTimer
                0x000000000000f650       0x28 /Users/gyeongmin/SimplicityStudio/v4_workspace/soc-empty/platform/radio/rail_lib/autogen/librail_release/librail_efr32xg1_gcc_release.a(rail_rf_hal.o)
                0x000000000000f650                RFHAL_CancelTimer
 .text.RFHAL_SetTimer
                0x000000000000f678       0x7c /Users/gyeongmin/SimplicityStudio/v4_workspace/soc-empty/platform/radio/rail_lib/autogen/librail_release/librail_efr32xg1_gcc_release.a(rail_rf_hal.o)
                0x000000000000f678                RFHAL_SetTimer
 .text.RFHAL_IsTimerExpired
                0x000000000000f6f4       0x1c /Users/gyeongmin/SimplicityStudio/v4_workspace/soc-empty/platform/radio/rail_lib/autogen/librail_release/librail_efr32xg1_gcc_release.a(rail_rf_hal.o)
                0x000000000000f6f4                RFHAL_IsTimerExpired
 .text.RFHAL_IsTimerRunning
                0x000000000000f710        0x6 /Users/gyeongmin/SimplicityStudio/v4_workspace/soc-empty/platform/radio/rail_lib/autogen/librail_release/librail_efr32xg1_gcc_release.a(rail_rf_hal.o)
                0x000000000000f710                RFHAL_IsTimerRunning
 *fill*         0x000000000000f716        0x2 
 .text.RFHAL_CalcBitRate
                0x000000000000f718        0xc /Users/gyeongmin/SimplicityStudio/v4_workspace/soc-empty/platform/radio/rail_lib/autogen/librail_release/librail_efr32xg1_gcc_release.a(rail_rf_hal.o)
                0x000000000000f718                RFHAL_CalcBitRate
 .text.RFHAL_GetBitRate
                0x000000000000f724       0x22 /Users/gyeongmin/SimplicityStudio/v4_workspace/soc-empty/platform/radio/rail_lib/autogen/librail_release/librail_efr32xg1_gcc_release.a(rail_rf_hal.o)
                0x000000000000f724                RFHAL_GetBitRate
 *fill*         0x000000000000f746        0x2 
 .text.RFHAL_SetTxTransitions
                0x000000000000f748       0x20 /Users/gyeongmin/SimplicityStudio/v4_workspace/soc-empty/platform/radio/rail_lib/autogen/librail_release/librail_efr32xg1_gcc_release.a(rail_rf_hal.o)
                0x000000000000f748                RFHAL_SetTxTransitions
 .text.RFHAL_SetRxTransitions
                0x000000000000f768       0x1c /Users/gyeongmin/SimplicityStudio/v4_workspace/soc-empty/platform/radio/rail_lib/autogen/librail_release/librail_efr32xg1_gcc_release.a(rail_rf_hal.o)
                0x000000000000f768                RFHAL_SetRxTransitions
 .text.RFHAL_SetCRCInitVal
                0x000000000000f784        0x4 /Users/gyeongmin/SimplicityStudio/v4_workspace/soc-empty/platform/radio/rail_lib/autogen/librail_release/librail_efr32xg1_gcc_release.a(rail_rf_hal.o)
                0x000000000000f784                RFHAL_SetCRCInitVal
 .text.RFHAL_ConfigTxPower
                0x000000000000f788        0xc /Users/gyeongmin/SimplicityStudio/v4_workspace/soc-empty/platform/radio/rail_lib/autogen/librail_release/librail_efr32xg1_gcc_release.a(rail_rf_hal.o)
                0x000000000000f788                RFHAL_ConfigTxPower
 .text.RFHAL_SetTxPowerUnchecked
                0x000000000000f794       0x18 /Users/gyeongmin/SimplicityStudio/v4_workspace/soc-empty/platform/radio/rail_lib/autogen/librail_release/librail_efr32xg1_gcc_release.a(rail_rf_hal.o)
                0x000000000000f794                RFHAL_SetTxPowerUnchecked
 .text.RFHAL_SetTxPower
                0x000000000000f7ac       0x40 /Users/gyeongmin/SimplicityStudio/v4_workspace/soc-empty/platform/radio/rail_lib/autogen/librail_release/librail_efr32xg1_gcc_release.a(rail_rf_hal.o)
                0x000000000000f7ac                RFHAL_SetTxPower
 .text.RFHAL_GetTxPowerConfig
                0x000000000000f7ec        0xc /Users/gyeongmin/SimplicityStudio/v4_workspace/soc-empty/platform/radio/rail_lib/autogen/librail_release/librail_efr32xg1_gcc_release.a(rail_rf_hal.o)
                0x000000000000f7ec                RFHAL_GetTxPowerConfig
 .text.RFHAL_GetTxPower
                0x000000000000f7f8        0x4 /Users/gyeongmin/SimplicityStudio/v4_workspace/soc-empty/platform/radio/rail_lib/autogen/librail_release/librail_efr32xg1_gcc_release.a(rail_rf_hal.o)
                0x000000000000f7f8                RFHAL_GetTxPower
 .text.RFHAL_SetChannel
                0x000000000000f7fc       0xc4 /Users/gyeongmin/SimplicityStudio/v4_workspace/soc-empty/platform/radio/rail_lib/autogen/librail_release/librail_efr32xg1_gcc_release.a(rail_rf_hal.o)
                0x000000000000f7fc                RFHAL_SetChannel
 .text.RFHAL_IsAutoAckEnabled
                0x000000000000f8c0        0x6 /Users/gyeongmin/SimplicityStudio/v4_workspace/soc-empty/platform/radio/rail_lib/autogen/librail_release/librail_efr32xg1_gcc_release.a(rail_rf_hal.o)
                0x000000000000f8c0                RFHAL_IsAutoAckEnabled
 *fill*         0x000000000000f8c6        0x2 
 .text.RFHAL_AutoAckWaitForAck
                0x000000000000f8c8       0x18 /Users/gyeongmin/SimplicityStudio/v4_workspace/soc-empty/platform/radio/rail_lib/autogen/librail_release/librail_efr32xg1_gcc_release.a(rail_rf_hal.o)
                0x000000000000f8c8                RFHAL_AutoAckWaitForAck
 .text.preTxOps
                0x000000000000f8e0       0xd0 /Users/gyeongmin/SimplicityStudio/v4_workspace/soc-empty/platform/radio/rail_lib/autogen/librail_release/librail_efr32xg1_gcc_release.a(rail_rf_hal.o)
 .text.RFHAL_StartTx
                0x000000000000f9b0       0x12 /Users/gyeongmin/SimplicityStudio/v4_workspace/soc-empty/platform/radio/rail_lib/autogen/librail_release/librail_efr32xg1_gcc_release.a(rail_rf_hal.o)
                0x000000000000f9b0                RFHAL_StartTx
 .text.RFHAL_StartScheduledTx
                0x000000000000f9c2       0x3c /Users/gyeongmin/SimplicityStudio/v4_workspace/soc-empty/platform/radio/rail_lib/autogen/librail_release/librail_efr32xg1_gcc_release.a(rail_rf_hal.o)
                0x000000000000f9c2                RFHAL_StartScheduledTx
 *fill*         0x000000000000f9fe        0x2 
 .text.RFHAL_GetRxPacketInfo
                0x000000000000fa00       0x48 /Users/gyeongmin/SimplicityStudio/v4_workspace/soc-empty/platform/radio/rail_lib/autogen/librail_release/librail_efr32xg1_gcc_release.a(rail_rf_hal.o)
                0x000000000000fa00                RFHAL_GetRxPacketInfo
 .text.RFHAL_GetRxPacketDetailsAlt
                0x000000000000fa48       0x98 /Users/gyeongmin/SimplicityStudio/v4_workspace/soc-empty/platform/radio/rail_lib/autogen/librail_release/librail_efr32xg1_gcc_release.a(rail_rf_hal.o)
                0x000000000000fa48                RFHAL_GetRxPacketDetailsAlt
 .text.RFHAL_GetRxPacketDetails
                0x000000000000fae0       0x22 /Users/gyeongmin/SimplicityStudio/v4_workspace/soc-empty/platform/radio/rail_lib/autogen/librail_release/librail_efr32xg1_gcc_release.a(rail_rf_hal.o)
                0x000000000000fae0                RFHAL_GetRxPacketDetails
 .text.RFHAL_SetTxBuffer
                0x000000000000fb02       0x34 /Users/gyeongmin/SimplicityStudio/v4_workspace/soc-empty/platform/radio/rail_lib/autogen/librail_release/librail_efr32xg1_gcc_release.a(rail_rf_hal.o)
                0x000000000000fb02                RFHAL_SetTxBuffer
 .text.RFHAL_SetRxBuffer
                0x000000000000fb36       0x2c /Users/gyeongmin/SimplicityStudio/v4_workspace/soc-empty/platform/radio/rail_lib/autogen/librail_release/librail_efr32xg1_gcc_release.a(rail_rf_hal.o)
                0x000000000000fb36                RFHAL_SetRxBuffer
 *fill*         0x000000000000fb62        0x2 
 .text.RFHAL_ResetTxFifo
                0x000000000000fb64       0x2c /Users/gyeongmin/SimplicityStudio/v4_workspace/soc-empty/platform/radio/rail_lib/autogen/librail_release/librail_efr32xg1_gcc_release.a(rail_rf_hal.o)
                0x000000000000fb64                RFHAL_ResetTxFifo
 .text.RFHAL_WriteTxFifo
                0x000000000000fb90       0x28 /Users/gyeongmin/SimplicityStudio/v4_workspace/soc-empty/platform/radio/rail_lib/autogen/librail_release/librail_efr32xg1_gcc_release.a(rail_rf_hal.o)
                0x000000000000fb90                RFHAL_WriteTxFifo
 .text.RFHAL_ResetRxFifo
                0x000000000000fbb8       0x40 /Users/gyeongmin/SimplicityStudio/v4_workspace/soc-empty/platform/radio/rail_lib/autogen/librail_release/librail_efr32xg1_gcc_release.a(rail_rf_hal.o)
                0x000000000000fbb8                RFHAL_ResetRxFifo
 .text.RFHAL_ConfigData
                0x000000000000fbf8       0x7c /Users/gyeongmin/SimplicityStudio/v4_workspace/soc-empty/platform/radio/rail_lib/autogen/librail_release/librail_efr32xg1_gcc_release.a(rail_rf_hal.o)
                0x000000000000fbf8                RFHAL_ConfigData
 .text.RFHAL_SetAbortScheduledTxDuringRx
                0x000000000000fc74       0x18 /Users/gyeongmin/SimplicityStudio/v4_workspace/soc-empty/platform/radio/rail_lib/autogen/librail_release/librail_efr32xg1_gcc_release.a(rail_rf_hal.o)
                0x000000000000fc74                RFHAL_SetAbortScheduledTxDuringRx
 .text.RFHAL_ConfigRadio
                0x000000000000fc8c       0xcc /Users/gyeongmin/SimplicityStudio/v4_workspace/soc-empty/platform/radio/rail_lib/autogen/librail_release/librail_efr32xg1_gcc_release.a(rail_rf_hal.o)
                0x000000000000fc8c                RFHAL_ConfigRadio
 .text.RFHAL_ConfigFrameTypeLength
                0x000000000000fd58       0x7c /Users/gyeongmin/SimplicityStudio/v4_workspace/soc-empty/platform/radio/rail_lib/autogen/librail_release/librail_efr32xg1_gcc_release.a(rail_rf_hal.o)
                0x000000000000fd58                RFHAL_ConfigFrameTypeLength
 .text.RFHAL_GetTime
                0x000000000000fdd4        0x4 /Users/gyeongmin/SimplicityStudio/v4_workspace/soc-empty/platform/radio/rail_lib/autogen/librail_release/librail_efr32xg1_gcc_release.a(rail_rf_hal.o)
                0x000000000000fdd4                RFHAL_GetTime
 .text.RFHAL_ResetAddressFilter
                0x000000000000fdd8       0x10 /Users/gyeongmin/SimplicityStudio/v4_workspace/soc-empty/platform/radio/rail_lib/autogen/librail_release/librail_efr32xg1_gcc_release.a(rail_rf_hal.o)
                0x000000000000fdd8                RFHAL_ResetAddressFilter
 .text.RFHAL_Init
                0x000000000000fde8       0x98 /Users/gyeongmin/SimplicityStudio/v4_workspace/soc-empty/platform/radio/rail_lib/autogen/librail_release/librail_efr32xg1_gcc_release.a(rail_rf_hal.o)
                0x000000000000fde8                RFHAL_Init
 .text.RFHAL_GetRadioEntropy
                0x000000000000fe80        0x4 /Users/gyeongmin/SimplicityStudio/v4_workspace/soc-empty/platform/radio/rail_lib/autogen/librail_release/librail_efr32xg1_gcc_release.a(rail_rf_hal.o)
                0x000000000000fe80                RFHAL_GetRadioEntropy
 .text.RFHAL_SetStateTiming
                0x000000000000fe84       0x56 /Users/gyeongmin/SimplicityStudio/v4_workspace/soc-empty/platform/radio/rail_lib/autogen/librail_release/librail_efr32xg1_gcc_release.a(rail_rf_hal.o)
                0x000000000000fe84                RFHAL_SetStateTiming
 .text.RFHAL_ConfigPti
                0x000000000000feda        0x4 /Users/gyeongmin/SimplicityStudio/v4_workspace/soc-empty/platform/radio/rail_lib/autogen/librail_release/librail_efr32xg1_gcc_release.a(rail_rf_hal.o)
                0x000000000000feda                RFHAL_ConfigPti
 .text.RFHAL_EnablePti
                0x000000000000fede        0x4 /Users/gyeongmin/SimplicityStudio/v4_workspace/soc-empty/platform/radio/rail_lib/autogen/librail_release/librail_efr32xg1_gcc_release.a(rail_rf_hal.o)
                0x000000000000fede                RFHAL_EnablePti
 .text.RFHAL_IEEE802154IsEnabled
                0x000000000000fee2        0x6 /Users/gyeongmin/SimplicityStudio/v4_workspace/soc-empty/platform/radio/rail_lib/autogen/librail_release/librail_efr32xg1_gcc_release.a(rail_ieee802154_rf_hal.o)
                0x000000000000fee2                RFHAL_IEEE802154IsEnabled
 .text.setMultiTimer
                0x000000000000fee8        0x4 /Users/gyeongmin/SimplicityStudio/v4_workspace/soc-empty/platform/radio/rail_lib/autogen/librail_release/librail_efr32xg1_gcc_release.a(rail_singleprotocol.o)
 .text.cancelMultiTimer
                0x000000000000feec        0x4 /Users/gyeongmin/SimplicityStudio/v4_workspace/soc-empty/platform/radio/rail_lib/autogen/librail_release/librail_efr32xg1_gcc_release.a(rail_singleprotocol.o)
 .text.isMultiTimerExpired
                0x000000000000fef0        0x4 /Users/gyeongmin/SimplicityStudio/v4_workspace/soc-empty/platform/radio/rail_lib/autogen/librail_release/librail_efr32xg1_gcc_release.a(rail_singleprotocol.o)
 .text.getMultiTimer
                0x000000000000fef4        0x4 /Users/gyeongmin/SimplicityStudio/v4_workspace/soc-empty/platform/radio/rail_lib/autogen/librail_release/librail_efr32xg1_gcc_release.a(rail_singleprotocol.o)
 .text.getActiveTimerCb
                0x000000000000fef8       0x18 /Users/gyeongmin/SimplicityStudio/v4_workspace/soc-empty/platform/radio/rail_lib/autogen/librail_release/librail_efr32xg1_gcc_release.a(rail_singleprotocol.o)
 .text.isMultiTimerRunning
                0x000000000000ff10        0x4 /Users/gyeongmin/SimplicityStudio/v4_workspace/soc-empty/platform/radio/rail_lib/autogen/librail_release/librail_efr32xg1_gcc_release.a(rail_singleprotocol.o)
 .text.RAIL_Init
                0x000000000000ff14       0x20 /Users/gyeongmin/SimplicityStudio/v4_workspace/soc-empty/platform/radio/rail_lib/autogen/librail_release/librail_efr32xg1_gcc_release.a(rail_singleprotocol.o)
                0x000000000000ff14                RAIL_Init
 .text.RAIL_GetSchedulerStatus
                0x000000000000ff34        0x4 /Users/gyeongmin/SimplicityStudio/v4_workspace/soc-empty/platform/radio/rail_lib/autogen/librail_release/librail_efr32xg1_gcc_release.a(rail_singleprotocol.o)
                0x000000000000ff34                RAIL_GetSchedulerStatus
 .text.RAIL_Idle
                0x000000000000ff38        0x8 /Users/gyeongmin/SimplicityStudio/v4_workspace/soc-empty/platform/radio/rail_lib/autogen/librail_release/librail_efr32xg1_gcc_release.a(rail_singleprotocol.o)
                0x000000000000ff38                RAIL_Idle
 .text.RAIL_YieldRadio
                0x000000000000ff40        0x2 /Users/gyeongmin/SimplicityStudio/v4_workspace/soc-empty/platform/radio/rail_lib/autogen/librail_release/librail_efr32xg1_gcc_release.a(rail_singleprotocol.o)
                0x000000000000ff40                RAIL_YieldRadio
 .text.RAIL_GetRadioEntropy
                0x000000000000ff42        0x8 /Users/gyeongmin/SimplicityStudio/v4_workspace/soc-empty/platform/radio/rail_lib/autogen/librail_release/librail_efr32xg1_gcc_release.a(rail_singleprotocol.o)
                0x000000000000ff42                RAIL_GetRadioEntropy
 .text.RAIL_SetTimer
                0x000000000000ff4a       0x1c /Users/gyeongmin/SimplicityStudio/v4_workspace/soc-empty/platform/radio/rail_lib/autogen/librail_release/librail_efr32xg1_gcc_release.a(rail_singleprotocol.o)
                0x000000000000ff4a                RAIL_SetTimer
 .text.RAIL_CancelTimer
                0x000000000000ff66        0xe /Users/gyeongmin/SimplicityStudio/v4_workspace/soc-empty/platform/radio/rail_lib/autogen/librail_release/librail_efr32xg1_gcc_release.a(rail_singleprotocol.o)
                0x000000000000ff66                RAIL_CancelTimer
 .text.RAIL_StartTx
                0x000000000000ff74        0x6 /Users/gyeongmin/SimplicityStudio/v4_workspace/soc-empty/platform/radio/rail_lib/autogen/librail_release/librail_efr32xg1_gcc_release.a(rail_singleprotocol.o)
                0x000000000000ff74                RAIL_StartTx
 .text.RAIL_StartScheduledTx
                0x000000000000ff7a        0x6 /Users/gyeongmin/SimplicityStudio/v4_workspace/soc-empty/platform/radio/rail_lib/autogen/librail_release/librail_efr32xg1_gcc_release.a(rail_singleprotocol.o)
                0x000000000000ff7a                RAIL_StartScheduledTx
 .text.RAIL_ScheduleRx
                0x000000000000ff80        0x6 /Users/gyeongmin/SimplicityStudio/v4_workspace/soc-empty/platform/radio/rail_lib/autogen/librail_release/librail_efr32xg1_gcc_release.a(rail_singleprotocol.o)
                0x000000000000ff80                RAIL_ScheduleRx
 .text.radioConfigChangedDefault
                0x000000000000ff86        0x2 /Users/gyeongmin/SimplicityStudio/v4_workspace/soc-empty/platform/radio/rail_lib/autogen/librail_release/librail_efr32xg1_gcc_release.a(rail_rf.o)
 .text.isTransitionState
                0x000000000000ff88       0x12 /Users/gyeongmin/SimplicityStudio/v4_workspace/soc-empty/platform/radio/rail_lib/autogen/librail_release/librail_efr32xg1_gcc_release.a(rail_rf.o)
 .text.RAILCore_Init
                0x000000000000ff9a       0x12 /Users/gyeongmin/SimplicityStudio/v4_workspace/soc-empty/platform/radio/rail_lib/autogen/librail_release/librail_efr32xg1_gcc_release.a(rail_rf.o)
                0x000000000000ff9a                RAILCore_Init
 .text.RAILInt_SetCallbackConfig
                0x000000000000ffac       0x20 /Users/gyeongmin/SimplicityStudio/v4_workspace/soc-empty/platform/radio/rail_lib/autogen/librail_release/librail_efr32xg1_gcc_release.a(rail_rf.o)
                0x000000000000ffac                RAILInt_SetCallbackConfig
 .text.RAILCore_Idle
                0x000000000000ffcc       0x14 /Users/gyeongmin/SimplicityStudio/v4_workspace/soc-empty/platform/radio/rail_lib/autogen/librail_release/librail_efr32xg1_gcc_release.a(rail_rf.o)
                0x000000000000ffcc                RAILCore_Idle
 .text.RAILCb_CalcBitRate
                0x000000000000ffe0        0x6 /Users/gyeongmin/SimplicityStudio/v4_workspace/soc-empty/platform/radio/rail_lib/autogen/librail_release/librail_efr32xg1_gcc_release.a(rail_rf.o)
                0x000000000000ffe0                RAILCb_CalcBitRate
 .text.RAIL_SetStateTiming
                0x000000000000ffe6        0x6 /Users/gyeongmin/SimplicityStudio/v4_workspace/soc-empty/platform/radio/rail_lib/autogen/librail_release/librail_efr32xg1_gcc_release.a(rail_rf.o)
                0x000000000000ffe6                RAIL_SetStateTiming
 .text.RAILInt_IsPowerInRange
                0x000000000000ffec       0x3c /Users/gyeongmin/SimplicityStudio/v4_workspace/soc-empty/platform/radio/rail_lib/autogen/librail_release/librail_efr32xg1_gcc_release.a(rail_rf.o)
                0x000000000000ffec                RAILInt_IsPowerInRange
 .text.RAILInt_SetChannel
                0x0000000000010028      0x1c0 /Users/gyeongmin/SimplicityStudio/v4_workspace/soc-empty/platform/radio/rail_lib/autogen/librail_release/librail_efr32xg1_gcc_release.a(rail_rf.o)
                0x0000000000010028                RAILInt_SetChannel
 .text.RAILCore_ConfigChannels
                0x00000000000101e8       0x60 /Users/gyeongmin/SimplicityStudio/v4_workspace/soc-empty/platform/radio/rail_lib/autogen/librail_release/librail_efr32xg1_gcc_release.a(rail_rf.o)
                0x00000000000101e8                RAILCore_ConfigChannels
 .text.RAILInt_GetChannel
                0x0000000000010248        0x4 /Users/gyeongmin/SimplicityStudio/v4_workspace/soc-empty/platform/radio/rail_lib/autogen/librail_release/librail_efr32xg1_gcc_release.a(rail_rf.o)
                0x0000000000010248                RAILInt_GetChannel
 .text.RAILCore_SetTxTransitions
                0x000000000001024c       0x3c /Users/gyeongmin/SimplicityStudio/v4_workspace/soc-empty/platform/radio/rail_lib/autogen/librail_release/librail_efr32xg1_gcc_release.a(rail_rf.o)
                0x000000000001024c                RAILCore_SetTxTransitions
 .text.RAIL_SetTxTransitions
                0x0000000000010288        0x6 /Users/gyeongmin/SimplicityStudio/v4_workspace/soc-empty/platform/radio/rail_lib/autogen/librail_release/librail_efr32xg1_gcc_release.a(rail_rf.o)
                0x0000000000010288                RAIL_SetTxTransitions
 .text.RAILCore_SetRxTransitions
                0x000000000001028e       0x38 /Users/gyeongmin/SimplicityStudio/v4_workspace/soc-empty/platform/radio/rail_lib/autogen/librail_release/librail_efr32xg1_gcc_release.a(rail_rf.o)
                0x000000000001028e                RAILCore_SetRxTransitions
 .text.RAIL_SetRxTransitions
                0x00000000000102c6        0x6 /Users/gyeongmin/SimplicityStudio/v4_workspace/soc-empty/platform/radio/rail_lib/autogen/librail_release/librail_efr32xg1_gcc_release.a(rail_rf.o)
                0x00000000000102c6                RAIL_SetRxTransitions
 .text.RAIL_ConfigEvents
                0x00000000000102cc        0x6 /Users/gyeongmin/SimplicityStudio/v4_workspace/soc-empty/platform/radio/rail_lib/autogen/librail_release/librail_efr32xg1_gcc_release.a(rail_rf.o)
                0x00000000000102cc                RAIL_ConfigEvents
 .text.RAIL_ConfigRxOptions
                0x00000000000102d2        0x6 /Users/gyeongmin/SimplicityStudio/v4_workspace/soc-empty/platform/radio/rail_lib/autogen/librail_release/librail_efr32xg1_gcc_release.a(rail_rx.o)
                0x00000000000102d2                RAIL_ConfigRxOptions
 .text.RAILCore_ScheduleRx
                0x00000000000102d8       0x2c /Users/gyeongmin/SimplicityStudio/v4_workspace/soc-empty/platform/radio/rail_lib/autogen/librail_release/librail_efr32xg1_gcc_release.a(rail_rx.o)
                0x00000000000102d8                RAILCore_ScheduleRx
 .text.RAILCb_ConfigFrameTypeLength
                0x0000000000010304        0x6 /Users/gyeongmin/SimplicityStudio/v4_workspace/soc-empty/platform/radio/rail_lib/autogen/librail_release/librail_efr32xg1_gcc_release.a(rail_rx.o)
                0x0000000000010304                RAILCb_ConfigFrameTypeLength
 .text.RAIL_SetTxPower
                0x000000000001030a        0x6 /Users/gyeongmin/SimplicityStudio/v4_workspace/soc-empty/platform/radio/rail_lib/autogen/librail_release/librail_efr32xg1_gcc_release.a(rail_tx.o)
                0x000000000001030a                RAIL_SetTxPower
 .text.RAIL_ConfigTxPower
                0x0000000000010310       0x1c /Users/gyeongmin/SimplicityStudio/v4_workspace/soc-empty/platform/radio/rail_lib/autogen/librail_release/librail_efr32xg1_gcc_release.a(rail_tx.o)
                0x0000000000010310                RAIL_ConfigTxPower
 .text.RAILInt_PendCal
                0x000000000001032c       0x24 /Users/gyeongmin/SimplicityStudio/v4_workspace/soc-empty/platform/radio/rail_lib/autogen/librail_release/librail_efr32xg1_gcc_release.a(rail_calibration.o)
                0x000000000001032c                RAILInt_PendCal
 .text.RAIL_WriteTxFifo
                0x0000000000010350        0x6 /Users/gyeongmin/SimplicityStudio/v4_workspace/soc-empty/platform/radio/rail_lib/autogen/librail_release/librail_efr32xg1_gcc_release.a(rail_data.o)
                0x0000000000010350                RAIL_WriteTxFifo
 .text.RAIL_SetTxFifo
                0x0000000000010356        0x6 /Users/gyeongmin/SimplicityStudio/v4_workspace/soc-empty/platform/radio/rail_lib/autogen/librail_release/librail_efr32xg1_gcc_release.a(rail_data.o)
                0x0000000000010356                RAIL_SetTxFifo
 .text.RAIL_SetRxFifo
                0x000000000001035c        0x6 /Users/gyeongmin/SimplicityStudio/v4_workspace/soc-empty/platform/radio/rail_lib/autogen/librail_release/librail_efr32xg1_gcc_release.a(rail_data.o)
                0x000000000001035c                RAIL_SetRxFifo
 *fill*         0x0000000000010362        0x2 
 .text.RAILCb_SetupRxFifo
                0x0000000000010364       0x30 /Users/gyeongmin/SimplicityStudio/v4_workspace/soc-empty/platform/radio/rail_lib/autogen/librail_release/librail_efr32xg1_gcc_release.a(rail_data.o)
                0x0000000000010364                RAILCb_SetupRxFifo
 .text.RAIL_GetRxPacketInfo
                0x0000000000010394        0x8 /Users/gyeongmin/SimplicityStudio/v4_workspace/soc-empty/platform/radio/rail_lib/autogen/librail_release/librail_efr32xg1_gcc_release.a(rail_data.o)
                0x0000000000010394                RAIL_GetRxPacketInfo
 .text.RAIL_GetRxPacketDetails
                0x000000000001039c        0x6 /Users/gyeongmin/SimplicityStudio/v4_workspace/soc-empty/platform/radio/rail_lib/autogen/librail_release/librail_efr32xg1_gcc_release.a(rail_data.o)
                0x000000000001039c                RAIL_GetRxPacketDetails
 .text.RAIL_ResetFifo
                0x00000000000103a2       0x1e /Users/gyeongmin/SimplicityStudio/v4_workspace/soc-empty/platform/radio/rail_lib/autogen/librail_release/librail_efr32xg1_gcc_release.a(rail_data.o)
                0x00000000000103a2                RAIL_ResetFifo
 .text.RAILCb_AssertFailed
                0x00000000000103c0       0x14 /Users/gyeongmin/SimplicityStudio/v4_workspace/soc-empty/platform/radio/rail_lib/autogen/librail_release/librail_efr32xg1_gcc_release.a(rail_assert.o)
                0x00000000000103c0                RAILCb_AssertFailed
 .text.RAILInt_Assert
                0x00000000000103d4       0x1c /Users/gyeongmin/SimplicityStudio/v4_workspace/soc-empty/platform/radio/rail_lib/autogen/librail_release/librail_efr32xg1_gcc_release.a(rail_assert.o)
                0x00000000000103d4                RAILInt_Assert
 .text.RAIL_GetTime
                0x00000000000103f0        0x4 /Users/gyeongmin/SimplicityStudio/v4_workspace/soc-empty/platform/radio/rail_lib/autogen/librail_release/librail_efr32xg1_gcc_release.a(rail_timer.o)
                0x00000000000103f0                RAIL_GetTime
 .text.checkAndAddRxLenOverflowEntry.part.0
                0x00000000000103f4       0x2c /Users/gyeongmin/SimplicityStudio/v4_workspace/soc-empty/platform/radio/rail_lib/autogen/librail_release/librail_efr32xg1_gcc_release.a(bufc.o)
 .text.BUFC_ReadHelper
                0x0000000000010420       0x7a /Users/gyeongmin/SimplicityStudio/v4_workspace/soc-empty/platform/radio/rail_lib/autogen/librail_release/librail_efr32xg1_gcc_release.a(bufc.o)
 *fill*         0x000000000001049a        0x2 
 .text.BUFC_SetTxBuffer
                0x000000000001049c       0x38 /Users/gyeongmin/SimplicityStudio/v4_workspace/soc-empty/platform/radio/rail_lib/autogen/librail_release/librail_efr32xg1_gcc_release.a(bufc.o)
                0x000000000001049c                BUFC_SetTxBuffer
 .text.BUFC_SetRxBuffer
                0x00000000000104d4       0x1c /Users/gyeongmin/SimplicityStudio/v4_workspace/soc-empty/platform/radio/rail_lib/autogen/librail_release/librail_efr32xg1_gcc_release.a(bufc.o)
                0x00000000000104d4                BUFC_SetRxBuffer
 .text.BUFC_WriteBuffer
                0x00000000000104f0       0xb0 /Users/gyeongmin/SimplicityStudio/v4_workspace/soc-empty/platform/radio/rail_lib/autogen/librail_release/librail_efr32xg1_gcc_release.a(bufc.o)
                0x00000000000104f0                BUFC_WriteBuffer
 .text.BUFC_Peek
                0x00000000000105a0       0x12 /Users/gyeongmin/SimplicityStudio/v4_workspace/soc-empty/platform/radio/rail_lib/autogen/librail_release/librail_efr32xg1_gcc_release.a(bufc.o)
                0x00000000000105a0                BUFC_Peek
 .text.BUFC_PeekByte
                0x00000000000105b2       0x46 /Users/gyeongmin/SimplicityStudio/v4_workspace/soc-empty/platform/radio/rail_lib/autogen/librail_release/librail_efr32xg1_gcc_release.a(bufc.o)
                0x00000000000105b2                BUFC_PeekByte
 .text.BUFC_GetSpaceAvailable
                0x00000000000105f8       0x24 /Users/gyeongmin/SimplicityStudio/v4_workspace/soc-empty/platform/radio/rail_lib/autogen/librail_release/librail_efr32xg1_gcc_release.a(bufc.o)
                0x00000000000105f8                BUFC_GetSpaceAvailable
 .text.BUFC_GetBytesAvailable
                0x000000000001061c       0x14 /Users/gyeongmin/SimplicityStudio/v4_workspace/soc-empty/platform/radio/rail_lib/autogen/librail_release/librail_efr32xg1_gcc_release.a(bufc.o)
                0x000000000001061c                BUFC_GetBytesAvailable
 .text.BUFC_TxAckBufferSet
                0x0000000000010630       0x2c /Users/gyeongmin/SimplicityStudio/v4_workspace/soc-empty/platform/radio/rail_lib/autogen/librail_release/librail_efr32xg1_gcc_release.a(bufc.o)
                0x0000000000010630                BUFC_TxAckBufferSet
 .text.BUFC_RxBufferReset
                0x000000000001065c       0x5c /Users/gyeongmin/SimplicityStudio/v4_workspace/soc-empty/platform/radio/rail_lib/autogen/librail_release/librail_efr32xg1_gcc_release.a(bufc.o)
                0x000000000001065c                BUFC_RxBufferReset
 .text.BUFC_Init
                0x00000000000106b8       0x50 /Users/gyeongmin/SimplicityStudio/v4_workspace/soc-empty/platform/radio/rail_lib/autogen/librail_release/librail_efr32xg1_gcc_release.a(bufc.o)
                0x00000000000106b8                BUFC_Init
 .text.BUFC_ReleaseRxPacket
                0x0000000000010708      0x118 /Users/gyeongmin/SimplicityStudio/v4_workspace/soc-empty/platform/radio/rail_lib/autogen/librail_release/librail_efr32xg1_gcc_release.a(bufc.o)
                0x0000000000010708                BUFC_ReleaseRxPacket
 .text.BUFC_StartRxLenThrEvent
                0x0000000000010820       0x98 /Users/gyeongmin/SimplicityStudio/v4_workspace/soc-empty/platform/radio/rail_lib/autogen/librail_release/librail_efr32xg1_gcc_release.a(bufc.o)
                0x0000000000010820                BUFC_StartRxLenThrEvent
 .text.BUFC_EndRxLenThrEvent
                0x00000000000108b8       0x1c /Users/gyeongmin/SimplicityStudio/v4_workspace/soc-empty/platform/radio/rail_lib/autogen/librail_release/librail_efr32xg1_gcc_release.a(bufc.o)
                0x00000000000108b8                BUFC_EndRxLenThrEvent
 .text.BUFC_HandleRxLenOvfEvent
                0x00000000000108d4       0x30 /Users/gyeongmin/SimplicityStudio/v4_workspace/soc-empty/platform/radio/rail_lib/autogen/librail_release/librail_efr32xg1_gcc_release.a(bufc.o)
                0x00000000000108d4                BUFC_HandleRxLenOvfEvent
 .text.BUFC_GetRxPacketInfo
                0x0000000000010904      0x168 /Users/gyeongmin/SimplicityStudio/v4_workspace/soc-empty/platform/radio/rail_lib/autogen/librail_release/librail_efr32xg1_gcc_release.a(bufc.o)
                0x0000000000010904                BUFC_GetRxPacketInfo
 .text.IRCAL_Set
                0x0000000000010a6c       0x1c /Users/gyeongmin/SimplicityStudio/v4_workspace/soc-empty/platform/radio/rail_lib/autogen/librail_release/librail_efr32xg1_gcc_release.a(ir_cal.o)
                0x0000000000010a6c                IRCAL_Set
 .text.getRampTimeFromLevelAndRate
                0x0000000000010a88       0x20 /Users/gyeongmin/SimplicityStudio/v4_workspace/soc-empty/platform/radio/rail_lib/autogen/librail_release/librail_efr32xg1_gcc_release.a(pa.o)
 .text.PA_ProtectPa
                0x0000000000010aa8       0xa0 /Users/gyeongmin/SimplicityStudio/v4_workspace/soc-empty/platform/radio/rail_lib/autogen/librail_release/librail_efr32xg1_gcc_release.a(pa.o)
 .text.PA_GetTxPowerConfig
                0x0000000000010b48       0x14 /Users/gyeongmin/SimplicityStudio/v4_workspace/soc-empty/platform/radio/rail_lib/autogen/librail_release/librail_efr32xg1_gcc_release.a(pa.o)
                0x0000000000010b48                PA_GetTxPowerConfig
 .text.PA_GetPowerLevel
                0x0000000000010b5c        0xc /Users/gyeongmin/SimplicityStudio/v4_workspace/soc-empty/platform/radio/rail_lib/autogen/librail_release/librail_efr32xg1_gcc_release.a(pa.o)
                0x0000000000010b5c                PA_GetPowerLevel
 .text.PA_SetPowerLevel
                0x0000000000010b68      0x15c /Users/gyeongmin/SimplicityStudio/v4_workspace/soc-empty/platform/radio/rail_lib/autogen/librail_release/librail_efr32xg1_gcc_release.a(pa.o)
                0x0000000000010b68                PA_SetPowerLevel
 .text.PA_RunPeakDetectorHigh
                0x0000000000010cc4       0x40 /Users/gyeongmin/SimplicityStudio/v4_workspace/soc-empty/platform/radio/rail_lib/autogen/librail_release/librail_efr32xg1_gcc_release.a(pa.o)
                0x0000000000010cc4                PA_RunPeakDetectorHigh
 .text.PA_RunPeakDetectorLow
                0x0000000000010d04        0x2 /Users/gyeongmin/SimplicityStudio/v4_workspace/soc-empty/platform/radio/rail_lib/autogen/librail_release/librail_efr32xg1_gcc_release.a(pa.o)
                0x0000000000010d04                PA_RunPeakDetectorLow
 *fill*         0x0000000000010d06        0x2 
 .text.PA_RunBatHigh
                0x0000000000010d08       0x2c /Users/gyeongmin/SimplicityStudio/v4_workspace/soc-empty/platform/radio/rail_lib/autogen/librail_release/librail_efr32xg1_gcc_release.a(pa.o)
                0x0000000000010d08                PA_RunBatHigh
 .text.PA_GetRampTime
                0x0000000000010d34        0xc /Users/gyeongmin/SimplicityStudio/v4_workspace/soc-empty/platform/radio/rail_lib/autogen/librail_release/librail_efr32xg1_gcc_release.a(pa.o)
                0x0000000000010d34                PA_GetRampTime
 .text.PA_CalcRampTime
                0x0000000000010d40       0x38 /Users/gyeongmin/SimplicityStudio/v4_workspace/soc-empty/platform/radio/rail_lib/autogen/librail_release/librail_efr32xg1_gcc_release.a(pa.o)
                0x0000000000010d40                PA_CalcRampTime
 .text.PA_SetRampTime
                0x0000000000010d78      0x100 /Users/gyeongmin/SimplicityStudio/v4_workspace/soc-empty/platform/radio/rail_lib/autogen/librail_release/librail_efr32xg1_gcc_release.a(pa.o)
                0x0000000000010d78                PA_SetRampTime
 .text.PA_SetCTune
                0x0000000000010e78       0x24 /Users/gyeongmin/SimplicityStudio/v4_workspace/soc-empty/platform/radio/rail_lib/autogen/librail_release/librail_efr32xg1_gcc_release.a(pa.o)
                0x0000000000010e78                PA_SetCTune
 .text.PA_SelectBand
                0x0000000000010e9c       0x38 /Users/gyeongmin/SimplicityStudio/v4_workspace/soc-empty/platform/radio/rail_lib/autogen/librail_release/librail_efr32xg1_gcc_release.a(pa.o)
                0x0000000000010e9c                PA_SelectBand
 .text.PA_Config
                0x0000000000010ed4      0x140 /Users/gyeongmin/SimplicityStudio/v4_workspace/soc-empty/platform/radio/rail_lib/autogen/librail_release/librail_efr32xg1_gcc_release.a(pa.o)
                0x0000000000010ed4                PA_Config
 .text.PA_UpdateConfig
                0x0000000000011014       0x38 /Users/gyeongmin/SimplicityStudio/v4_workspace/soc-empty/platform/radio/rail_lib/autogen/librail_release/librail_efr32xg1_gcc_release.a(pa.o)
                0x0000000000011014                PA_UpdateConfig
 .text.PROTIMER_Init
                0x000000000001104c       0xd4 /Users/gyeongmin/SimplicityStudio/v4_workspace/soc-empty/platform/radio/rail_lib/autogen/librail_release/librail_efr32xg1_gcc_release.a(protimer.o)
                0x000000000001104c                PROTIMER_Init
 .text.PROTIMER_Start
                0x0000000000011120       0x1c /Users/gyeongmin/SimplicityStudio/v4_workspace/soc-empty/platform/radio/rail_lib/autogen/librail_release/librail_efr32xg1_gcc_release.a(protimer.o)
                0x0000000000011120                PROTIMER_Start
 .text.PROTIMER_ElapsedTime
                0x000000000001113c       0x1c /Users/gyeongmin/SimplicityStudio/v4_workspace/soc-empty/platform/radio/rail_lib/autogen/librail_release/librail_efr32xg1_gcc_release.a(protimer.o)
                0x000000000001113c                PROTIMER_ElapsedTime
 .text.PROTIMER_CCTimerStop
                0x0000000000011158       0x20 /Users/gyeongmin/SimplicityStudio/v4_workspace/soc-empty/platform/radio/rail_lib/autogen/librail_release/librail_efr32xg1_gcc_release.a(protimer.o)
                0x0000000000011158                PROTIMER_CCTimerStop
 .text.PROTIMER_CCTimerIsEnabled
                0x0000000000011178       0x10 /Users/gyeongmin/SimplicityStudio/v4_workspace/soc-empty/platform/radio/rail_lib/autogen/librail_release/librail_efr32xg1_gcc_release.a(protimer.o)
                0x0000000000011178                PROTIMER_CCTimerIsEnabled
 .text.PROTIMER_CCTimerCapture
                0x0000000000011188       0x14 /Users/gyeongmin/SimplicityStudio/v4_workspace/soc-empty/platform/radio/rail_lib/autogen/librail_release/librail_efr32xg1_gcc_release.a(protimer.o)
                0x0000000000011188                PROTIMER_CCTimerCapture
 .text.PROTIMER_ClearRxEnable
                0x000000000001119c       0x10 /Users/gyeongmin/SimplicityStudio/v4_workspace/soc-empty/platform/radio/rail_lib/autogen/librail_release/librail_efr32xg1_gcc_release.a(protimer.o)
                0x000000000001119c                PROTIMER_ClearRxEnable
 .text.PROTIMER_GetTime
                0x00000000000111ac        0xc /Users/gyeongmin/SimplicityStudio/v4_workspace/soc-empty/platform/radio/rail_lib/autogen/librail_release/librail_efr32xg1_gcc_release.a(protimer.o)
                0x00000000000111ac                PROTIMER_GetTime
 .text.PROTIMER_GetCCTime
                0x00000000000111b8       0x10 /Users/gyeongmin/SimplicityStudio/v4_workspace/soc-empty/platform/radio/rail_lib/autogen/librail_release/librail_efr32xg1_gcc_release.a(protimer.o)
                0x00000000000111b8                PROTIMER_GetCCTime
 .text.PROTIMER_LBTStop
                0x00000000000111c8       0x18 /Users/gyeongmin/SimplicityStudio/v4_workspace/soc-empty/platform/radio/rail_lib/autogen/librail_release/librail_efr32xg1_gcc_release.a(protimer.o)
                0x00000000000111c8                PROTIMER_LBTStop
 .text.PROTIMER_PrecntOverflowToUs
                0x00000000000111e0       0x24 /Users/gyeongmin/SimplicityStudio/v4_workspace/soc-empty/platform/radio/rail_lib/autogen/librail_release/librail_efr32xg1_gcc_release.a(protimer.o)
                0x00000000000111e0                PROTIMER_PrecntOverflowToUs
 .text.PROTIMER_GetUsTime
                0x0000000000011204        0xc /Users/gyeongmin/SimplicityStudio/v4_workspace/soc-empty/platform/radio/rail_lib/autogen/librail_release/librail_efr32xg1_gcc_release.a(protimer.o)
                0x0000000000011204                PROTIMER_GetUsTime
 .text.PROTIMER_GetCCTimeUs
                0x0000000000011210       0x12 /Users/gyeongmin/SimplicityStudio/v4_workspace/soc-empty/platform/radio/rail_lib/autogen/librail_release/librail_efr32xg1_gcc_release.a(protimer.o)
                0x0000000000011210                PROTIMER_GetCCTimeUs
 .text.PROTIMER_GetUsFromRawWrap
                0x0000000000011222        0x4 /Users/gyeongmin/SimplicityStudio/v4_workspace/soc-empty/platform/radio/rail_lib/autogen/librail_release/librail_efr32xg1_gcc_release.a(protimer.o)
                0x0000000000011222                PROTIMER_GetUsFromRawWrap
 *fill*         0x0000000000011226        0x2 
 .text.PROTIMER_UsToPrecntOverflow
                0x0000000000011228       0x30 /Users/gyeongmin/SimplicityStudio/v4_workspace/soc-empty/platform/radio/rail_lib/autogen/librail_release/librail_efr32xg1_gcc_release.a(protimer.o)
                0x0000000000011228                PROTIMER_UsToPrecntOverflow
 .text.PROTIMER_CCTimerStart
                0x0000000000011258      0x128 /Users/gyeongmin/SimplicityStudio/v4_workspace/soc-empty/platform/radio/rail_lib/autogen/librail_release/librail_efr32xg1_gcc_release.a(protimer.o)
                0x0000000000011258                PROTIMER_CCTimerStart
 .text.PROTIMER_ScheduleTxEnable
                0x0000000000011380       0x28 /Users/gyeongmin/SimplicityStudio/v4_workspace/soc-empty/platform/radio/rail_lib/autogen/librail_release/librail_efr32xg1_gcc_release.a(protimer.o)
                0x0000000000011380                PROTIMER_ScheduleTxEnable
 .text.PROTIMER_ScheduleRxEnable
                0x00000000000113a8       0x28 /Users/gyeongmin/SimplicityStudio/v4_workspace/soc-empty/platform/radio/rail_lib/autogen/librail_release/librail_efr32xg1_gcc_release.a(protimer.o)
                0x00000000000113a8                PROTIMER_ScheduleRxEnable
 .text.PROTIMER_ScheduleRxDisable
                0x00000000000113d0       0x34 /Users/gyeongmin/SimplicityStudio/v4_workspace/soc-empty/platform/radio/rail_lib/autogen/librail_release/librail_efr32xg1_gcc_release.a(protimer.o)
                0x00000000000113d0                PROTIMER_ScheduleRxDisable
 .text.PROTIMER_DelayUs
                0x0000000000011404       0x16 /Users/gyeongmin/SimplicityStudio/v4_workspace/soc-empty/platform/radio/rail_lib/autogen/librail_release/librail_efr32xg1_gcc_release.a(protimer.o)
                0x0000000000011404                PROTIMER_DelayUs
 *fill*         0x000000000001141a        0x2 
 .text.PROTIMER_CheckCcaReallyFailed
                0x000000000001141c       0xbc /Users/gyeongmin/SimplicityStudio/v4_workspace/soc-empty/platform/radio/rail_lib/autogen/librail_release/librail_efr32xg1_gcc_release.a(protimer.o)
                0x000000000001141c                PROTIMER_CheckCcaReallyFailed
 .text.PTI_Config
                0x00000000000114d8       0xc0 /Users/gyeongmin/SimplicityStudio/v4_workspace/soc-empty/platform/radio/rail_lib/autogen/librail_release/librail_efr32xg1_gcc_release.a(pti.o)
                0x00000000000114d8                PTI_Config
 .text.PTI_EnableAppendedInfo
                0x0000000000011598       0x18 /Users/gyeongmin/SimplicityStudio/v4_workspace/soc-empty/platform/radio/rail_lib/autogen/librail_release/librail_efr32xg1_gcc_release.a(pti.o)
                0x0000000000011598                PTI_EnableAppendedInfo
 .text.PTI_Enable
                0x00000000000115b0       0x50 /Users/gyeongmin/SimplicityStudio/v4_workspace/soc-empty/platform/radio/rail_lib/autogen/librail_release/librail_efr32xg1_gcc_release.a(pti.o)
                0x00000000000115b0                PTI_Enable
 .text.PTI_AuxdataOutput
                0x0000000000011600       0x1c /Users/gyeongmin/SimplicityStudio/v4_workspace/soc-empty/platform/radio/rail_lib/autogen/librail_release/librail_efr32xg1_gcc_release.a(pti.o)
                0x0000000000011600                PTI_AuxdataOutput
 .text.PTI_EnableSyncword
                0x000000000001161c       0x18 /Users/gyeongmin/SimplicityStudio/v4_workspace/soc-empty/platform/radio/rail_lib/autogen/librail_release/librail_efr32xg1_gcc_release.a(pti.o)
                0x000000000001161c                PTI_EnableSyncword
 .text.RADIO_SetAndForgetWrite
                0x0000000000011634       0x8c /Users/gyeongmin/SimplicityStudio/v4_workspace/soc-empty/platform/radio/rail_lib/autogen/librail_release/librail_efr32xg1_gcc_release.a(radio.o)
                0x0000000000011634                RADIO_SetAndForgetWrite
 .text.RADIO_Init
                0x00000000000116c0       0x54 /Users/gyeongmin/SimplicityStudio/v4_workspace/soc-empty/platform/radio/rail_lib/autogen/librail_release/librail_efr32xg1_gcc_release.a(radio.o)
                0x00000000000116c0                RADIO_Init
 .text.RADIO_SeqInit
                0x0000000000011714       0x64 /Users/gyeongmin/SimplicityStudio/v4_workspace/soc-empty/platform/radio/rail_lib/autogen/librail_release/librail_efr32xg1_gcc_release.a(radio.o)
                0x0000000000011714                RADIO_SeqInit
 .text.RADIO_ClockEnable
                0x0000000000011778       0x10 /Users/gyeongmin/SimplicityStudio/v4_workspace/soc-empty/platform/radio/rail_lib/autogen/librail_release/librail_efr32xg1_gcc_release.a(radio.o)
                0x0000000000011778                RADIO_ClockEnable
 .text.RADIO_ClockPrescGet
                0x0000000000011788       0x10 /Users/gyeongmin/SimplicityStudio/v4_workspace/soc-empty/platform/radio/rail_lib/autogen/librail_release/librail_efr32xg1_gcc_release.a(radio.o)
                0x0000000000011788                RADIO_ClockPrescGet
 .text.RADIO_ClockFreqGet
                0x0000000000011798       0x14 /Users/gyeongmin/SimplicityStudio/v4_workspace/soc-empty/platform/radio/rail_lib/autogen/librail_release/librail_efr32xg1_gcc_release.a(radio.o)
                0x0000000000011798                RADIO_ClockFreqGet
 .text.RADIO_Config
                0x00000000000117ac       0x9c /Users/gyeongmin/SimplicityStudio/v4_workspace/soc-empty/platform/radio/rail_lib/autogen/librail_release/librail_efr32xg1_gcc_release.a(radio.o)
                0x00000000000117ac                RADIO_Config
 .text.RADIO_IsRxOnForRssi
                0x0000000000011848       0x18 /Users/gyeongmin/SimplicityStudio/v4_workspace/soc-empty/platform/radio/rail_lib/autogen/librail_release/librail_efr32xg1_gcc_release.a(radio.o)
                0x0000000000011848                RADIO_IsRxOnForRssi
 .text.RADIO_RxTrailDataLength
                0x0000000000011860       0x3c /Users/gyeongmin/SimplicityStudio/v4_workspace/soc-empty/platform/radio/rail_lib/autogen/librail_release/librail_efr32xg1_gcc_release.a(radio.o)
                0x0000000000011860                RADIO_RxTrailDataLength
 .text.RADIO_ComputeTxBaudrate
                0x000000000001189c       0x24 /Users/gyeongmin/SimplicityStudio/v4_workspace/soc-empty/platform/radio/rail_lib/autogen/librail_release/librail_efr32xg1_gcc_release.a(radio.o)
                0x000000000001189c                RADIO_ComputeTxBaudrate
 .text.RADIO_ComputeTxSymbolRate
                0x00000000000118c0       0x26 /Users/gyeongmin/SimplicityStudio/v4_workspace/soc-empty/platform/radio/rail_lib/autogen/librail_release/librail_efr32xg1_gcc_release.a(radio.o)
                0x00000000000118c0                RADIO_ComputeTxSymbolRate
 .text.RADIO_ComputeTxBitRate
                0x00000000000118e6       0x44 /Users/gyeongmin/SimplicityStudio/v4_workspace/soc-empty/platform/radio/rail_lib/autogen/librail_release/librail_efr32xg1_gcc_release.a(radio.o)
                0x00000000000118e6                RADIO_ComputeTxBitRate
 *fill*         0x000000000001192a        0x2 
 .text.RADIO_GetRssi
                0x000000000001192c       0x64 /Users/gyeongmin/SimplicityStudio/v4_workspace/soc-empty/platform/radio/rail_lib/autogen/librail_release/librail_efr32xg1_gcc_release.a(radio.o)
                0x000000000001192c                RADIO_GetRssi
 .text.RADIO_SetCRCInitVal
                0x0000000000011990       0x10 /Users/gyeongmin/SimplicityStudio/v4_workspace/soc-empty/platform/radio/rail_lib/autogen/librail_release/librail_efr32xg1_gcc_release.a(radio.o)
                0x0000000000011990                RADIO_SetCRCInitVal
 .text.RADIO_RACClearRxOverflow
                0x00000000000119a0       0x20 /Users/gyeongmin/SimplicityStudio/v4_workspace/soc-empty/platform/radio/rail_lib/autogen/librail_release/librail_efr32xg1_gcc_release.a(radio.o)
                0x00000000000119a0                RADIO_RACClearRxOverflow
 .text.RFSENSE_IRQHandler
                0x00000000000119c0       0x10 /Users/gyeongmin/SimplicityStudio/v4_workspace/soc-empty/platform/radio/rail_lib/autogen/librail_release/librail_efr32xg1_gcc_release.a(rfsense.o)
                0x00000000000119c0                RFSENSE_IRQHandler
 .text.RTCCSYNC_RTCCClockFreqGet
                0x00000000000119d0       0x30 /Users/gyeongmin/SimplicityStudio/v4_workspace/soc-empty/platform/radio/rail_lib/autogen/librail_release/librail_efr32xg1_gcc_release.a(rtccsync.o)
 .text.RTCCSYNC_Init
                0x0000000000011a00       0x10 /Users/gyeongmin/SimplicityStudio/v4_workspace/soc-empty/platform/radio/rail_lib/autogen/librail_release/librail_efr32xg1_gcc_release.a(rtccsync.o)
                0x0000000000011a00                RTCCSYNC_Init
 .text.RTCCSYNC_PreSleep
                0x0000000000011a10      0x268 /Users/gyeongmin/SimplicityStudio/v4_workspace/soc-empty/platform/radio/rail_lib/autogen/librail_release/librail_efr32xg1_gcc_release.a(rtccsync.o)
                0x0000000000011a10                RTCCSYNC_PreSleep
 .text.RTCCSYNC_PostWakeUp
                0x0000000000011c78      0x1a0 /Users/gyeongmin/SimplicityStudio/v4_workspace/soc-empty/platform/radio/rail_lib/autogen/librail_release/librail_efr32xg1_gcc_release.a(rtccsync.o)
                0x0000000000011c78                RTCCSYNC_PostWakeUp
 .text.SYNTH_RfFreqGet
                0x0000000000011e18        0xc /Users/gyeongmin/SimplicityStudio/v4_workspace/soc-empty/platform/radio/rail_lib/autogen/librail_release/librail_efr32xg1_gcc_release.a(synth.o)
                0x0000000000011e18                SYNTH_RfFreqGet
 .text.SYNTH_ChSpacingGet
                0x0000000000011e24        0xc /Users/gyeongmin/SimplicityStudio/v4_workspace/soc-empty/platform/radio/rail_lib/autogen/librail_release/librail_efr32xg1_gcc_release.a(synth.o)
                0x0000000000011e24                SYNTH_ChSpacingGet
 .text.SYNTH_LoDivGet
                0x0000000000011e30       0x20 /Users/gyeongmin/SimplicityStudio/v4_workspace/soc-empty/platform/radio/rail_lib/autogen/librail_release/librail_efr32xg1_gcc_release.a(synth.o)
                0x0000000000011e30                SYNTH_LoDivGet
 .text.SYNTH_Is2p4GHz
                0x0000000000011e50       0x14 /Users/gyeongmin/SimplicityStudio/v4_workspace/soc-empty/platform/radio/rail_lib/autogen/librail_release/librail_efr32xg1_gcc_release.a(synth.o)
                0x0000000000011e50                SYNTH_Is2p4GHz
 .text.SYNTH_VcoRangeIsValid
                0x0000000000011e64       0x30 /Users/gyeongmin/SimplicityStudio/v4_workspace/soc-empty/platform/radio/rail_lib/autogen/librail_release/librail_efr32xg1_gcc_release.a(synth.o)
                0x0000000000011e64                SYNTH_VcoRangeIsValid
 .text.SYNTH_RetimeLimitsConfig
                0x0000000000011e94       0x64 /Users/gyeongmin/SimplicityStudio/v4_workspace/soc-empty/platform/radio/rail_lib/autogen/librail_release/librail_efr32xg1_gcc_release.a(synth.o)
                0x0000000000011e94                SYNTH_RetimeLimitsConfig
 .text.SYNTH_RetimeClkConfig
                0x0000000000011ef8       0xb4 /Users/gyeongmin/SimplicityStudio/v4_workspace/soc-empty/platform/radio/rail_lib/autogen/librail_release/librail_efr32xg1_gcc_release.a(synth.o)
                0x0000000000011ef8                SYNTH_RetimeClkConfig
 .text.SYNTH_Config
                0x0000000000011fac      0x104 /Users/gyeongmin/SimplicityStudio/v4_workspace/soc-empty/platform/radio/rail_lib/autogen/librail_release/librail_efr32xg1_gcc_release.a(synth.o)
                0x0000000000011fac                SYNTH_Config
 .text.SYNTH_ChannelSet
                0x00000000000120b0       0x40 /Users/gyeongmin/SimplicityStudio/v4_workspace/soc-empty/platform/radio/rail_lib/autogen/librail_release/librail_efr32xg1_gcc_release.a(synth.o)
                0x00000000000120b0                SYNTH_ChannelSet
 .text.SYNTH_DCDCRetimeClkSet
                0x00000000000120f0       0x68 /Users/gyeongmin/SimplicityStudio/v4_workspace/soc-empty/platform/radio/rail_lib/autogen/librail_release/librail_efr32xg1_gcc_release.a(synth.o)
                0x00000000000120f0                SYNTH_DCDCRetimeClkSet
 .text.SYNTH_DCDCRetimeEnable
                0x0000000000012158       0x18 /Users/gyeongmin/SimplicityStudio/v4_workspace/soc-empty/platform/radio/rail_lib/autogen/librail_release/librail_efr32xg1_gcc_release.a(synth.o)
                0x0000000000012158                SYNTH_DCDCRetimeEnable
 .text.SYNTH_DCDCRetimeDisable
                0x0000000000012170       0x18 /Users/gyeongmin/SimplicityStudio/v4_workspace/soc-empty/platform/radio/rail_lib/autogen/librail_release/librail_efr32xg1_gcc_release.a(synth.o)
                0x0000000000012170                SYNTH_DCDCRetimeDisable
 .text.SYNTH_KvnFreqCompensationEnable
                0x0000000000012188        0xc /Users/gyeongmin/SimplicityStudio/v4_workspace/soc-empty/platform/radio/rail_lib/autogen/librail_release/librail_efr32xg1_gcc_release.a(synth.o)
                0x0000000000012188                SYNTH_KvnFreqCompensationEnable
 .text.TEMPCAL_Init
                0x0000000000012194       0x38 /Users/gyeongmin/SimplicityStudio/v4_workspace/soc-empty/platform/radio/rail_lib/autogen/librail_release/librail_efr32xg1_gcc_release.a(tempcal.o)
                0x0000000000012194                TEMPCAL_Init
 .text.TIMING_NsToStimerTickCalc
                0x00000000000121cc       0x2c /Users/gyeongmin/SimplicityStudio/v4_workspace/soc-empty/platform/radio/rail_lib/autogen/librail_release/librail_efr32xg1_gcc_release.a(timings.o)
 .text.TIMING_Recalculate
                0x00000000000121f8      0x17c /Users/gyeongmin/SimplicityStudio/v4_workspace/soc-empty/platform/radio/rail_lib/autogen/librail_release/librail_efr32xg1_gcc_release.a(timings.o)
 .text.TIMING_InitStimer
                0x0000000000012374       0x5c /Users/gyeongmin/SimplicityStudio/v4_workspace/soc-empty/platform/radio/rail_lib/autogen/librail_release/librail_efr32xg1_gcc_release.a(timings.o)
                0x0000000000012374                TIMING_InitStimer
 .text.TIMING_SeqTimingInit
                0x00000000000123d0        0x2 /Users/gyeongmin/SimplicityStudio/v4_workspace/soc-empty/platform/radio/rail_lib/autogen/librail_release/librail_efr32xg1_gcc_release.a(timings.o)
                0x00000000000123d0                TIMING_SeqTimingInit
 .text.TIMING_SetTransitionTime
                0x00000000000123d2       0x18 /Users/gyeongmin/SimplicityStudio/v4_workspace/soc-empty/platform/radio/rail_lib/autogen/librail_release/librail_efr32xg1_gcc_release.a(timings.o)
                0x00000000000123d2                TIMING_SetTransitionTime
 .text.TIMING_RxSearchTimeSet
                0x00000000000123ea       0x10 /Users/gyeongmin/SimplicityStudio/v4_workspace/soc-empty/platform/radio/rail_lib/autogen/librail_release/librail_efr32xg1_gcc_release.a(timings.o)
                0x00000000000123ea                TIMING_RxSearchTimeSet
 .text.TIMING_TxToRxSearchTimeSet
                0x00000000000123fa       0x10 /Users/gyeongmin/SimplicityStudio/v4_workspace/soc-empty/platform/radio/rail_lib/autogen/librail_release/librail_efr32xg1_gcc_release.a(timings.o)
                0x00000000000123fa                TIMING_TxToRxSearchTimeSet
 .text.TIMING_RecalculateAll
                0x000000000001240a        0x6 /Users/gyeongmin/SimplicityStudio/v4_workspace/soc-empty/platform/radio/rail_lib/autogen/librail_release/librail_efr32xg1_gcc_release.a(timings.o)
                0x000000000001240a                TIMING_RecalculateAll
 .text.TIMING_RecalculatePaRampChanged
                0x0000000000012410        0x6 /Users/gyeongmin/SimplicityStudio/v4_workspace/soc-empty/platform/radio/rail_lib/autogen/librail_release/librail_efr32xg1_gcc_release.a(timings.o)
                0x0000000000012410                TIMING_RecalculatePaRampChanged
 .text.TIMING_SetChainDelays
                0x0000000000012416        0x8 /Users/gyeongmin/SimplicityStudio/v4_workspace/soc-empty/platform/radio/rail_lib/autogen/librail_release/librail_efr32xg1_gcc_release.a(timings.o)
                0x0000000000012416                TIMING_SetChainDelays
 .text.TIMING_SetRxDoneDelay
                0x000000000001241e        0x6 /Users/gyeongmin/SimplicityStudio/v4_workspace/soc-empty/platform/radio/rail_lib/autogen/librail_release/librail_efr32xg1_gcc_release.a(timings.o)
                0x000000000001241e                TIMING_SetRxDoneDelay
 .text.TIMING_CalcAdjustUs
                0x0000000000012424       0x20 /Users/gyeongmin/SimplicityStudio/v4_workspace/soc-empty/platform/radio/rail_lib/autogen/librail_release/librail_efr32xg1_gcc_release.a(timings.o)
                0x0000000000012424                TIMING_CalcAdjustUs
 .text.TIMING_PreambleSyncBits
                0x0000000000012444       0x2c /Users/gyeongmin/SimplicityStudio/v4_workspace/soc-empty/platform/radio/rail_lib/autogen/librail_release/librail_efr32xg1_gcc_release.a(timings.o)
                0x0000000000012444                TIMING_PreambleSyncBits
 .text.TIMING_CalcRxTimeStampUs
                0x0000000000012470       0x62 /Users/gyeongmin/SimplicityStudio/v4_workspace/soc-empty/platform/radio/rail_lib/autogen/librail_release/librail_efr32xg1_gcc_release.a(timings.o)
                0x0000000000012470                TIMING_CalcRxTimeStampUs
 .text.TIMING_AdjustRxTimeStampUs
                0x00000000000124d2       0x1c /Users/gyeongmin/SimplicityStudio/v4_workspace/soc-empty/platform/radio/rail_lib/autogen/librail_release/librail_efr32xg1_gcc_release.a(timings.o)
                0x00000000000124d2                TIMING_AdjustRxTimeStampUs
 *fill*         0x00000000000124ee        0x2 
 .text.RFRAND_GetRadioEntropy
                0x00000000000124f0      0x100 /Users/gyeongmin/SimplicityStudio/v4_workspace/soc-empty/platform/radio/rail_lib/autogen/librail_release/librail_efr32xg1_gcc_release.a(rf_rand.o)
                0x00000000000124f0                RFRAND_GetRadioEntropy
 .text.RFRAND_SeedProtimerRandom
                0x00000000000125f0       0x3c /Users/gyeongmin/SimplicityStudio/v4_workspace/soc-empty/platform/radio/rail_lib/autogen/librail_release/librail_efr32xg1_gcc_release.a(rf_rand.o)
                0x00000000000125f0                RFRAND_SeedProtimerRandom
 .text.RAIL_GetTxPowerCurve
                0x000000000001262c       0x14 /Users/gyeongmin/SimplicityStudio/v4_workspace/soc-empty/platform/radio/rail_lib/autogen/librail_release/librail_efr32xg1_gcc_release.a(pa_conversions_efr32.o)
                0x000000000001262c                RAIL_GetTxPowerCurve
 .text.RAIL_InitTxPowerCurves
                0x0000000000012640       0x2c /Users/gyeongmin/SimplicityStudio/v4_workspace/soc-empty/platform/radio/rail_lib/autogen/librail_release/librail_efr32xg1_gcc_release.a(pa_conversions_efr32.o)
                0x0000000000012640                RAIL_InitTxPowerCurves
 .text.RAIL_ConvertDbmToRaw
                0x000000000001266c       0xd8 /Users/gyeongmin/SimplicityStudio/v4_workspace/soc-empty/platform/radio/rail_lib/autogen/librail_release/librail_efr32xg1_gcc_release.a(pa_conversions_efr32.o)
                0x000000000001266c                RAIL_ConvertDbmToRaw
 .text.RAIL_ConvertRawToDbm
                0x0000000000012744       0xb8 /Users/gyeongmin/SimplicityStudio/v4_workspace/soc-empty/platform/radio/rail_lib/autogen/librail_release/librail_efr32xg1_gcc_release.a(pa_conversions_efr32.o)
                0x0000000000012744                RAIL_ConvertRawToDbm
 .text.RADIO_RACStateGet
                0x00000000000127fc       0x10 /Users/gyeongmin/SimplicityStudio/v4_workspace/soc-empty/platform/radio/rail_lib/autogen/librail_release/librail_efr32xg1_gcc_release.a(generic_phy.o)
 .text.GENERIC_PHY_EnableDisableInt
                0x000000000001280c       0x22 /Users/gyeongmin/SimplicityStudio/v4_workspace/soc-empty/platform/radio/rail_lib/autogen/librail_release/librail_efr32xg1_gcc_release.a(generic_phy.o)
 *fill*         0x000000000001282e        0x2 
 .text.GENERIC_PHY_DisableRadioIrqs
                0x0000000000012830       0x50 /Users/gyeongmin/SimplicityStudio/v4_workspace/soc-empty/platform/radio/rail_lib/autogen/librail_release/librail_efr32xg1_gcc_release.a(generic_phy.o)
 .text.GENERIC_PHY_ConfigureRollbackReporting
                0x0000000000012880       0x68 /Users/gyeongmin/SimplicityStudio/v4_workspace/soc-empty/platform/radio/rail_lib/autogen/librail_release/librail_efr32xg1_gcc_release.a(generic_phy.o)
 .text.GENERIC_PHY_ClearPendedRxWindowEnd
                0x00000000000128e8       0x1c /Users/gyeongmin/SimplicityStudio/v4_workspace/soc-empty/platform/radio/rail_lib/autogen/librail_release/librail_efr32xg1_gcc_release.a(generic_phy.o)
 .text.RADIO_RACRxAbort
                0x0000000000012904       0x38 /Users/gyeongmin/SimplicityStudio/v4_workspace/soc-empty/platform/radio/rail_lib/autogen/librail_release/librail_efr32xg1_gcc_release.a(generic_phy.o)
 .text.GENERIC_PHY_RxOverflowHook
                0x000000000001293c       0x34 /Users/gyeongmin/SimplicityStudio/v4_workspace/soc-empty/platform/radio/rail_lib/autogen/librail_release/librail_efr32xg1_gcc_release.a(generic_phy.o)
 .text.GENERIC_PHY_CheckPendedRxWindowEnd
                0x0000000000012970       0x44 /Users/gyeongmin/SimplicityStudio/v4_workspace/soc-empty/platform/radio/rail_lib/autogen/librail_release/librail_efr32xg1_gcc_release.a(generic_phy.o)
 .text.GENERIC_PHY_ConfigureEvents
                0x00000000000129b4      0x2b8 /Users/gyeongmin/SimplicityStudio/v4_workspace/soc-empty/platform/radio/rail_lib/autogen/librail_release/librail_efr32xg1_gcc_release.a(generic_phy.o)
                0x00000000000129b4                GENERIC_PHY_ConfigureEvents
 .text.GENERIC_PHY_PacketTxCommon
                0x0000000000012c6c       0x38 /Users/gyeongmin/SimplicityStudio/v4_workspace/soc-empty/platform/radio/rail_lib/autogen/librail_release/librail_efr32xg1_gcc_release.a(generic_phy.o)
                0x0000000000012c6c                GENERIC_PHY_PacketTxCommon
 .text.GENERIC_PHY_PacketTx
                0x0000000000012ca4       0x40 /Users/gyeongmin/SimplicityStudio/v4_workspace/soc-empty/platform/radio/rail_lib/autogen/librail_release/librail_efr32xg1_gcc_release.a(generic_phy.o)
                0x0000000000012ca4                GENERIC_PHY_PacketTx
 .text.GENERIC_PHY_SchedulePacketRx
                0x0000000000012ce4      0x100 /Users/gyeongmin/SimplicityStudio/v4_workspace/soc-empty/platform/radio/rail_lib/autogen/librail_release/librail_efr32xg1_gcc_release.a(generic_phy.o)
                0x0000000000012ce4                GENERIC_PHY_SchedulePacketRx
 .text.GENERIC_PHY_SchedulePacketTx
                0x0000000000012de4       0x78 /Users/gyeongmin/SimplicityStudio/v4_workspace/soc-empty/platform/radio/rail_lib/autogen/librail_release/librail_efr32xg1_gcc_release.a(generic_phy.o)
                0x0000000000012de4                GENERIC_PHY_SchedulePacketTx
 .text.GENERIC_PHY_SeqAtomicLock
                0x0000000000012e5c       0x30 /Users/gyeongmin/SimplicityStudio/v4_workspace/soc-empty/platform/radio/rail_lib/autogen/librail_release/librail_efr32xg1_gcc_release.a(generic_phy.o)
                0x0000000000012e5c                GENERIC_PHY_SeqAtomicLock
 .text.GENERIC_PHY_RACConfig
                0x0000000000012e8c       0x78 /Users/gyeongmin/SimplicityStudio/v4_workspace/soc-empty/platform/radio/rail_lib/autogen/librail_release/librail_efr32xg1_gcc_release.a(generic_phy.o)
                0x0000000000012e8c                GENERIC_PHY_RACConfig
 .text.GENERIC_PHY_Init
                0x0000000000012f04       0x70 /Users/gyeongmin/SimplicityStudio/v4_workspace/soc-empty/platform/radio/rail_lib/autogen/librail_release/librail_efr32xg1_gcc_release.a(generic_phy.o)
                0x0000000000012f04                GENERIC_PHY_Init
 .text.GENERIC_PHY_ResetRxFifo
                0x0000000000012f74       0x30 /Users/gyeongmin/SimplicityStudio/v4_workspace/soc-empty/platform/radio/rail_lib/autogen/librail_release/librail_efr32xg1_gcc_release.a(generic_phy.o)
                0x0000000000012f74                GENERIC_PHY_ResetRxFifo
 .text.GENERIC_PHY_RadioIdle
                0x0000000000012fa4      0x174 /Users/gyeongmin/SimplicityStudio/v4_workspace/soc-empty/platform/radio/rail_lib/autogen/librail_release/librail_efr32xg1_gcc_release.a(generic_phy.o)
                0x0000000000012fa4                GENERIC_PHY_RadioIdle
 .text.FRC_IRQHandler
                0x0000000000013118      0x458 /Users/gyeongmin/SimplicityStudio/v4_workspace/soc-empty/platform/radio/rail_lib/autogen/librail_release/librail_efr32xg1_gcc_release.a(generic_phy.o)
                0x0000000000013118                FRC_IRQHandler
 .text.FRC_PRI_IRQHandler
                0x0000000000013570        0x4 /Users/gyeongmin/SimplicityStudio/v4_workspace/soc-empty/platform/radio/rail_lib/autogen/librail_release/librail_efr32xg1_gcc_release.a(generic_phy.o)
                0x0000000000013570                FRC_PRI_IRQHandler
 .text.BUFC_IRQHandler
                0x0000000000013574        0x4 /Users/gyeongmin/SimplicityStudio/v4_workspace/soc-empty/platform/radio/rail_lib/autogen/librail_release/librail_efr32xg1_gcc_release.a(generic_phy.o)